Archive member included to satisfy reference by file (symbol)

/home/pi/.pico-sdk/toolchain/13_3_Rel1/bin/../lib/gcc/arm-none-eabi/13.3.1/../../../../arm-none-eabi/lib/thumb/v8-m.main+fp/softfp/libm.a(libm_a-wf_sqrt.o)
                              CMakeFiles/blink.dir/home/pi/.pico-sdk/sdk/2.1.0/src/rp2_common/pico_float/float_math.c.o (sqrtf)
/home/pi/.pico-sdk/toolchain/13_3_Rel1/bin/../lib/gcc/arm-none-eabi/13.3.1/../../../../arm-none-eabi/lib/thumb/v8-m.main+fp/softfp/libm.a(libm_a-ef_sqrt.o)
                              /home/pi/.pico-sdk/toolchain/13_3_Rel1/bin/../lib/gcc/arm-none-eabi/13.3.1/../../../../arm-none-eabi/lib/thumb/v8-m.main+fp/softfp/libm.a(libm_a-wf_sqrt.o) (__ieee754_sqrtf)
/home/pi/.pico-sdk/toolchain/13_3_Rel1/bin/../lib/gcc/arm-none-eabi/13.3.1/thumb/v8-m.main+fp/softfp/libgcc.a(_arm_addsubdf3.o)
                              CMakeFiles/blink.dir/home/pi/.pico-sdk/sdk/2.1.0/src/rp2_common/pico_float/float_math.c.o (__aeabi_f2d)
/home/pi/.pico-sdk/toolchain/13_3_Rel1/bin/../lib/gcc/arm-none-eabi/13.3.1/thumb/v8-m.main+fp/softfp/libgcc.a(_aeabi_ldivmod.o)
                              CMakeFiles/blink.dir/home/pi/.pico-sdk/sdk/2.1.0/src/common/pico_time/time.c.o (__aeabi_ldivmod)
/home/pi/.pico-sdk/toolchain/13_3_Rel1/bin/../lib/gcc/arm-none-eabi/13.3.1/thumb/v8-m.main+fp/softfp/libgcc.a(_aeabi_uldivmod.o)
                              CMakeFiles/blink.dir/home/pi/.pico-sdk/sdk/2.1.0/src/rp2_common/hardware_clocks/clocks.c.o (__aeabi_uldivmod)
/home/pi/.pico-sdk/toolchain/13_3_Rel1/bin/../lib/gcc/arm-none-eabi/13.3.1/thumb/v8-m.main+fp/softfp/libgcc.a(_udivmoddi4.o)
                              /home/pi/.pico-sdk/toolchain/13_3_Rel1/bin/../lib/gcc/arm-none-eabi/13.3.1/thumb/v8-m.main+fp/softfp/libgcc.a(_aeabi_ldivmod.o) (__udivmoddi4)
/home/pi/.pico-sdk/toolchain/13_3_Rel1/bin/../lib/gcc/arm-none-eabi/13.3.1/thumb/v8-m.main+fp/softfp/libgcc.a(_dvmd_tls.o)
                              /home/pi/.pico-sdk/toolchain/13_3_Rel1/bin/../lib/gcc/arm-none-eabi/13.3.1/thumb/v8-m.main+fp/softfp/libgcc.a(_aeabi_ldivmod.o) (__aeabi_ldiv0)
/home/pi/.pico-sdk/toolchain/13_3_Rel1/bin/../lib/gcc/arm-none-eabi/13.3.1/../../../../arm-none-eabi/lib/thumb/v8-m.main+fp/softfp/libg.a(libc_a-calloc.o)
                              CMakeFiles/blink.dir/home/pi/.pico-sdk/sdk/2.1.0/src/rp2_common/pico_malloc/malloc.c.o (calloc)
/home/pi/.pico-sdk/toolchain/13_3_Rel1/bin/../lib/gcc/arm-none-eabi/13.3.1/../../../../arm-none-eabi/lib/thumb/v8-m.main+fp/softfp/libg.a(libc_a-callocr.o)
                              /home/pi/.pico-sdk/toolchain/13_3_Rel1/bin/../lib/gcc/arm-none-eabi/13.3.1/../../../../arm-none-eabi/lib/thumb/v8-m.main+fp/softfp/libg.a(libc_a-calloc.o) (_calloc_r)
/home/pi/.pico-sdk/toolchain/13_3_Rel1/bin/../lib/gcc/arm-none-eabi/13.3.1/../../../../arm-none-eabi/lib/thumb/v8-m.main+fp/softfp/libg.a(libc_a-malloc.o)
                              CMakeFiles/blink.dir/home/pi/.pico-sdk/sdk/2.1.0/src/rp2_common/pico_malloc/malloc.c.o (malloc)
/home/pi/.pico-sdk/toolchain/13_3_Rel1/bin/../lib/gcc/arm-none-eabi/13.3.1/../../../../arm-none-eabi/lib/thumb/v8-m.main+fp/softfp/libg.a(libc_a-mallocr.o)
                              /home/pi/.pico-sdk/toolchain/13_3_Rel1/bin/../lib/gcc/arm-none-eabi/13.3.1/../../../../arm-none-eabi/lib/thumb/v8-m.main+fp/softfp/libg.a(libc_a-callocr.o) (_malloc_r)
/home/pi/.pico-sdk/toolchain/13_3_Rel1/bin/../lib/gcc/arm-none-eabi/13.3.1/../../../../arm-none-eabi/lib/thumb/v8-m.main+fp/softfp/libg.a(libc_a-mlock.o)
                              /home/pi/.pico-sdk/toolchain/13_3_Rel1/bin/../lib/gcc/arm-none-eabi/13.3.1/../../../../arm-none-eabi/lib/thumb/v8-m.main+fp/softfp/libg.a(libc_a-mallocr.o) (__malloc_lock)
/home/pi/.pico-sdk/toolchain/13_3_Rel1/bin/../lib/gcc/arm-none-eabi/13.3.1/../../../../arm-none-eabi/lib/thumb/v8-m.main+fp/softfp/libg.a(libc_a-realloc.o)
                              CMakeFiles/blink.dir/home/pi/.pico-sdk/sdk/2.1.0/src/rp2_common/pico_malloc/malloc.c.o (realloc)
/home/pi/.pico-sdk/toolchain/13_3_Rel1/bin/../lib/gcc/arm-none-eabi/13.3.1/../../../../arm-none-eabi/lib/thumb/v8-m.main+fp/softfp/libg.a(libc_a-reallocr.o)
                              /home/pi/.pico-sdk/toolchain/13_3_Rel1/bin/../lib/gcc/arm-none-eabi/13.3.1/../../../../arm-none-eabi/lib/thumb/v8-m.main+fp/softfp/libg.a(libc_a-realloc.o) (_realloc_r)
/home/pi/.pico-sdk/toolchain/13_3_Rel1/bin/../lib/gcc/arm-none-eabi/13.3.1/../../../../arm-none-eabi/lib/thumb/v8-m.main+fp/softfp/libg.a(libc_a-memcmp.o)
                              CMakeFiles/blink.dir/home/pi/.pico-sdk/sdk/2.1.0/src/rp2_common/pico_atomic/atomic.c.o (memcmp)
/home/pi/.pico-sdk/toolchain/13_3_Rel1/bin/../lib/gcc/arm-none-eabi/13.3.1/../../../../arm-none-eabi/lib/thumb/v8-m.main+fp/softfp/libg.a(libc_a-memmove.o)
                              /home/pi/.pico-sdk/toolchain/13_3_Rel1/bin/../lib/gcc/arm-none-eabi/13.3.1/../../../../arm-none-eabi/lib/thumb/v8-m.main+fp/softfp/libg.a(libc_a-reallocr.o) (memmove)
[...]
Memory Configuration

Name             Origin             Length             Attributes
FLASH            0x10000000         0x00400000         xr
RAM              0x20000000         0x00080000         xrw
SCRATCH_X        0x20080000         0x00001000         xrw
SCRATCH_Y        0x20081000         0x00001000         xrw
*default*        0x00000000         0xffffffff

Linker script and memory map

LOAD /home/pi/.pico-sdk/toolchain/13_3_Rel1/bin/../lib/gcc/arm-none-eabi/13.3.1/thumb/v8-m.main+fp/softfp/crti.o
LOAD /home/pi/.pico-sdk/toolchain/13_3_Rel1/bin/../lib/gcc/arm-none-eabi/13.3.1/thumb/v8-m.main+fp/softfp/crtbegin.o
LOAD /home/pi/.pico-sdk/toolchain/13_3_Rel1/bin/../lib/gcc/arm-none-eabi/13.3.1/../../../../arm-none-eabi/lib/thumb/v8-m.main+fp/softfp/crt0.o

.flash_begin    0x10000000        0x0
                0x10000000                        __flash_binary_start = .

.text           0x10000000     0x3844
                0x10000000                        __logical_binary_start = .
 *(.vectors)
 .vectors       0x10000000      0x124 CMakeFiles/blink.dir/home/pi/.pico-sdk/sdk/2.1.0/src/rp2_common/pico_crt0/crt0.S.o
                0x10000000                __vectors
                0x10000000                __VECTOR_TABLE
                0x10000110                isr_invalid
                0x10000110                __default_isrs_start
                0x10000112                isr_nmi
                0x10000114                isr_hardfault
                0x10000116                isr_svcall
                0x10000118                isr_pendsv
                0x1000011a                isr_systick
                0x1000011c                isr_irq30
                0x1000011c                __unhandled_user_irq
                0x1000011c                isr_irq49
                0x1000011c                isr_irq13
                0x1000011c                isr_irq43
                0x1000011c                isr_irq45
                0x1000011c                isr_irq27
                0x1000011c                isr_irq32
                0x1000011c                isr_irq31
                0x1000011c                isr_irq5
                0x1000011c                isr_irq11
                0x1000011c                isr_irq23
                0x1000011c                isr_irq48
                0x1000011c                isr_irq35
                0x1000011c                isr_irq18
                0x1000011c                isr_irq50
                0x1000011c                isr_irq40
                0x1000011c                isr_irq28
                0x1000011c                isr_irq19
                0x1000011c                isr_irq36
                0x1000011c                isr_irq41
                0x1000011c                isr_irq0
                0x1000011c                isr_irq6
                0x1000011c                isr_irq37
                0x1000011c                isr_irq42
                0x1000011c                isr_irq22
                0x1000011c                isr_irq17
                0x1000011c                isr_irq38
                0x1000011c                isr_irq14
                0x1000011c                isr_irq2
                0x1000011c                isr_irq10
                0x1000011c                isr_irq8
                0x1000011c                isr_irq24
                0x1000011c                isr_irq46
                0x1000011c                isr_irq1
                0x1000011c                isr_irq47
                0x1000011c                isr_irq51
                0x1000011c                isr_irq7
                0x1000011c                isr_irq21
                0x1000011c                isr_irq39
                0x1000011c                isr_irq20
                0x1000011c                isr_irq15
                0x1000011c                isr_irq25
                0x1000011c                isr_irq34
                0x1000011c                isr_irq4
                0x1000011c                isr_irq16
                0x1000011c                isr_irq44
                0x1000011c                isr_irq29
                0x1000011c                isr_irq26
                0x1000011c                __default_isrs_end
                0x1000011c                isr_irq33
                0x1000011c                isr_irq3
                0x1000011c                isr_irq12
                0x1000011c                isr_irq9
                0x10000122                unhandled_user_irq_num_in_r0
 *(.binary_info_header)
 .binary_info_header
                0x10000124       0x14 CMakeFiles/blink.dir/home/pi/.pico-sdk/sdk/2.1.0/src/rp2_common/pico_crt0/crt0.S.o
                0x10000138                        __binary_info_header_end = .
 *(.embedded_block)
 .embedded_block
                0x10000138       0x14 CMakeFiles/blink.dir/home/pi/.pico-sdk/sdk/2.1.0/src/rp2_common/pico_crt0/crt0.S.o
                0x1000014c                        __embedded_block_end = .
 *(.reset)
 .reset         0x1000014c       0xa0 CMakeFiles/blink.dir/home/pi/.pico-sdk/sdk/2.1.0/src/rp2_common/pico_crt0/crt0.S.o
                0x1000014c                _entry_point
 *(.init)
 .init          0x100001ec        0x4 /home/pi/.pico-sdk/toolchain/13_3_Rel1/bin/../lib/gcc/arm-none-eabi/13.3.1/thumb/v8-m.main+fp/softfp/crti.o
                0x100001ec                _init
 *libgcc.a:cmse_nonsecure_call.o()
 *(EXCLUDE_FILE(*libm.a: *libc.a:*lib_a-mem*.o *libgcc.a:) .text*)
 .text.register_tm_clones
                0x100001f0       0x28 /home/pi/.pico-sdk/toolchain/13_3_Rel1/bin/../lib/gcc/arm-none-eabi/13.3.1/thumb/v8-m.main+fp/softfp/crtbegin.o
 .text.frame_dummy
                0x10000218       0x24 /home/pi/.pico-sdk/toolchain/13_3_Rel1/bin/../lib/gcc/arm-none-eabi/13.3.1/thumb/v8-m.main+fp/softfp/crtbegin.o
 .text.pico_I2C_init
                0x1000023c       0x3c CMakeFiles/blink.dir/blink.c.o
                0x1000023c                pico_I2C_init
 .text.startup.main
                0x10000278      0x178 CMakeFiles/blink.dir/blink.c.o
                0x10000278                main
 .text.gpio_set_function
                0x100003f0       0x3c CMakeFiles/blink.dir/home/pi/.pico-sdk/sdk/2.1.0/src/rp2_common/hardware_gpio/gpio.c.o
                0x100003f0                gpio_set_function
 .text.gpio_set_pulls
                0x1000042c       0x28 CMakeFiles/blink.dir/home/pi/.pico-sdk/sdk/2.1.0/src/rp2_common/hardware_gpio/gpio.c.o
                0x1000042c                gpio_set_pulls
 .text.gpio_init
                0x10000454       0x48 CMakeFiles/blink.dir/home/pi/.pico-sdk/sdk/2.1.0/src/rp2_common/hardware_gpio/gpio.c.o
                0x10000454                gpio_init
 .text.panic    0x1000049c       0x30 CMakeFiles/blink.dir/home/pi/.pico-sdk/sdk/2.1.0/src/rp2_common/pico_platform_panic/panic.c.o
                0x1000049c                panic
 .text.hw_claim_or_assert
                0x100004cc       0x58 CMakeFiles/blink.dir/home/pi/.pico-sdk/sdk/2.1.0/src/common/hardware_claim/claim.c.o
                0x100004cc                hw_claim_or_assert
 .text.next_striped_spin_lock_num
                0x10000524       0x18 CMakeFiles/blink.dir/home/pi/.pico-sdk/sdk/2.1.0/src/rp2_common/hardware_sync/sync.c.o
                0x10000524                next_striped_spin_lock_num
 .text.spinlock_set_extexclall
                0x1000053c       0x10 CMakeFiles/blink.dir/home/pi/.pico-sdk/sdk/2.1.0/src/rp2_common/hardware_sync_spin_lock/sync_spin_lock.c.o
 .text.spin_locks_reset
                0x1000054c       0x18 CMakeFiles/blink.dir/home/pi/.pico-sdk/sdk/2.1.0/src/rp2_common/hardware_sync_spin_lock/sync_spin_lock.c.o
                0x1000054c                spin_locks_reset
 .text.runtime_init_per_core_irq_priorities
                0x10000564       0x40 CMakeFiles/blink.dir/home/pi/.pico-sdk/sdk/2.1.0/src/rp2_common/hardware_irq/irq.c.o
                0x10000564                runtime_init_per_core_irq_priorities
 .text.irq_set_enabled
                0x100005a4       0x2c CMakeFiles/blink.dir/home/pi/.pico-sdk/sdk/2.1.0/src/rp2_common/hardware_irq/irq.c.o
                0x100005a4                irq_set_enabled
 .text.irq_set_exclusive_handler
                0x100005d0       0x60 CMakeFiles/blink.dir/home/pi/.pico-sdk/sdk/2.1.0/src/rp2_common/hardware_irq/irq.c.o
                0x100005d0                irq_set_exclusive_handler
 .text.irq_remove_handler
                0x10000630      0x1fc CMakeFiles/blink.dir/home/pi/.pico-sdk/sdk/2.1.0/src/rp2_common/hardware_irq/irq.c.o
                0x10000630                irq_remove_handler
 .text.irq_add_tail_to_free_list
                0x1000082c       0xbc CMakeFiles/blink.dir/home/pi/.pico-sdk/sdk/2.1.0/src/rp2_common/hardware_irq/irq.c.o
                0x1000082c                irq_add_tail_to_free_list
 .text.lock_init
                0x100008e8        0xc CMakeFiles/blink.dir/home/pi/.pico-sdk/sdk/2.1.0/src/common/pico_sync/lock_core.c.o
                0x100008e8                lock_init
 .text.runtime_init_mutex
                0x100008f4       0x4c CMakeFiles/blink.dir/home/pi/.pico-sdk/sdk/2.1.0/src/common/pico_sync/mutex.c.o
                0x100008f4                runtime_init_mutex
 .text.sleep_until_callback
                0x10000940       0x3c CMakeFiles/blink.dir/home/pi/.pico-sdk/sdk/2.1.0/src/common/pico_time/time.c.o
 *fill*         0x1000097c        0x4 
 .text.alarm_pool_irq_handler
                0x10000980      0x2e0 CMakeFiles/blink.dir/home/pi/.pico-sdk/sdk/2.1.0/src/common/pico_time/time.c.o
 .text.runtime_init_default_alarm_pool
                0x10000c60      0x100 CMakeFiles/blink.dir/home/pi/.pico-sdk/sdk/2.1.0/src/common/pico_time/time.c.o
                0x10000c60                runtime_init_default_alarm_pool
 .text.alarm_pool_add_alarm_at_force_in_context
                0x10000d60       0xc8 CMakeFiles/blink.dir/home/pi/.pico-sdk/sdk/2.1.0/src/common/pico_time/time.c.o
                0x10000d60                alarm_pool_add_alarm_at_force_in_context
 .text.alarm_pool_cancel_alarm
                0x10000e28       0x80 CMakeFiles/blink.dir/home/pi/.pico-sdk/sdk/2.1.0/src/common/pico_time/time.c.o
                0x10000e28                alarm_pool_cancel_alarm
 .text.sleep_until
                0x10000ea8       0xbc CMakeFiles/blink.dir/home/pi/.pico-sdk/sdk/2.1.0/src/common/pico_time/time.c.o
                0x10000ea8                sleep_until
 .text.sleep_ms
                0x10000f64       0x2c CMakeFiles/blink.dir/home/pi/.pico-sdk/sdk/2.1.0/src/common/pico_time/time.c.o
                0x10000f64                sleep_ms
 .text.best_effort_wfe_or_timeout
                0x10000f90       0xb0 CMakeFiles/blink.dir/home/pi/.pico-sdk/sdk/2.1.0/src/common/pico_time/time.c.o
                0x10000f90                best_effort_wfe_or_timeout
 .text.check_single_timeout_us
                0x10001040       0x28 CMakeFiles/blink.dir/home/pi/.pico-sdk/sdk/2.1.0/src/common/pico_time/timeout_helper.c.o
 .text.init_single_timeout_until
                0x10001068       0x10 CMakeFiles/blink.dir/home/pi/.pico-sdk/sdk/2.1.0/src/common/pico_time/timeout_helper.c.o
                0x10001068                init_single_timeout_until
 .text.timer_hardware_alarm_claim
                0x10001078       0x24 CMakeFiles/blink.dir/home/pi/.pico-sdk/sdk/2.1.0/src/rp2_common/hardware_timer/timer.c.o
                0x10001078                timer_hardware_alarm_claim
 .text.timer_time_us_64
                0x1000109c       0x10 CMakeFiles/blink.dir/home/pi/.pico-sdk/sdk/2.1.0/src/rp2_common/hardware_timer/timer.c.o
                0x1000109c                timer_time_us_64
 .text.time_us_64
                0x100010ac       0x14 CMakeFiles/blink.dir/home/pi/.pico-sdk/sdk/2.1.0/src/rp2_common/hardware_timer/timer.c.o
                0x100010ac                time_us_64
 .text.busy_wait_us
                0x100010c0       0x64 CMakeFiles/blink.dir/home/pi/.pico-sdk/sdk/2.1.0/src/rp2_common/hardware_timer/timer.c.o
                0x100010c0                busy_wait_us
 .text.busy_wait_until
                0x10001124       0x24 CMakeFiles/blink.dir/home/pi/.pico-sdk/sdk/2.1.0/src/rp2_common/hardware_timer/timer.c.o
                0x10001124                busy_wait_until
 .text.uart_init
                0x10001148      0x104 CMakeFiles/blink.dir/home/pi/.pico-sdk/sdk/2.1.0/src/rp2_common/hardware_uart/uart.c.o
                0x10001148                uart_init
 .text.clock_configure_undivided
                0x1000124c       0xd0 CMakeFiles/blink.dir/home/pi/.pico-sdk/sdk/2.1.0/src/rp2_common/hardware_clocks/clocks.c.o
                0x1000124c                clock_configure_undivided
 .text.clock_get_hz
                0x1000131c        0xc CMakeFiles/blink.dir/home/pi/.pico-sdk/sdk/2.1.0/src/rp2_common/hardware_clocks/clocks.c.o
                0x1000131c                clock_get_hz
 .text.pll_init
                0x10001328       0x8c CMakeFiles/blink.dir/home/pi/.pico-sdk/sdk/2.1.0/src/rp2_common/hardware_pll/pll.c.o
                0x10001328                pll_init
 .text.tick_start
                0x100013b4       0x18 CMakeFiles/blink.dir/home/pi/.pico-sdk/sdk/2.1.0/src/rp2_common/hardware_ticks/ticks.c.o
                0x100013b4                tick_start
 .text.rom_func_lookup
                0x100013cc       0x18 CMakeFiles/blink.dir/home/pi/.pico-sdk/sdk/2.1.0/src/rp2_common/pico_bootrom/bootrom.c.o
                0x100013cc                rom_func_lookup
 .text.runtime_init_bootrom_locking_enable
                0x100013e4       0x14 CMakeFiles/blink.dir/home/pi/.pico-sdk/sdk/2.1.0/src/rp2_common/pico_bootrom/bootrom_lock.c.o
                0x100013e4                runtime_init_bootrom_locking_enable
 .text.runtime_init_boot_locks_reset
                0x100013f8       0x1c CMakeFiles/blink.dir/home/pi/.pico-sdk/sdk/2.1.0/src/rp2_common/hardware_boot_lock/boot_lock.c.o
                0x100013f8                runtime_init_boot_locks_reset
 .text.xosc_init
                0x10001414       0x2c CMakeFiles/blink.dir/home/pi/.pico-sdk/sdk/2.1.0/src/rp2_common/hardware_xosc/xosc.c.o
                0x10001414                xosc_init
 .text.first_per_core_initializer
                0x10001440        0x4 CMakeFiles/blink.dir/home/pi/.pico-sdk/sdk/2.1.0/src/rp2_common/pico_runtime/runtime.c.o
 .text.hard_assertion_failure
                0x10001444        0xc CMakeFiles/blink.dir/home/pi/.pico-sdk/sdk/2.1.0/src/rp2_common/pico_runtime/runtime.c.o
                0x10001444                hard_assertion_failure
 .text.runtime_run_initializers
                0x10001450       0x20 CMakeFiles/blink.dir/home/pi/.pico-sdk/sdk/2.1.0/src/rp2_common/pico_runtime/runtime.c.o
                0x10001450                runtime_run_initializers
 .text.runtime_init_early_resets
                0x10001470       0x34 CMakeFiles/blink.dir/home/pi/.pico-sdk/sdk/2.1.0/src/rp2_common/pico_runtime_init/runtime_init.c.o
                0x10001470                runtime_init_early_resets
 .text.runtime_init_usb_power_down
                0x100014a4       0x1c CMakeFiles/blink.dir/home/pi/.pico-sdk/sdk/2.1.0/src/rp2_common/pico_runtime_init/runtime_init.c.o
                0x100014a4                runtime_init_usb_power_down
 .text.runtime_init_per_core_enable_coprocessors
                0x100014c0       0x1c CMakeFiles/blink.dir/home/pi/.pico-sdk/sdk/2.1.0/src/rp2_common/pico_runtime_init/runtime_init.c.o
                0x100014c0                runtime_init_per_core_enable_coprocessors
 .text.runtime_init_post_clock_resets
                0x100014dc       0x20 CMakeFiles/blink.dir/home/pi/.pico-sdk/sdk/2.1.0/src/rp2_common/pico_runtime_init/runtime_init.c.o
                0x100014dc                runtime_init_post_clock_resets
 .text.runtime_init_bootrom_reset
                0x100014fc       0x14 CMakeFiles/blink.dir/home/pi/.pico-sdk/sdk/2.1.0/src/rp2_common/pico_runtime_init/runtime_init.c.o
                0x100014fc                runtime_init_bootrom_reset
 .text.runtime_init_per_core_bootrom_reset
                0x10001510       0x14 CMakeFiles/blink.dir/home/pi/.pico-sdk/sdk/2.1.0/src/rp2_common/pico_runtime_init/runtime_init.c.o
                0x10001510                runtime_init_per_core_bootrom_reset
 .text.runtime_init_spin_locks_reset
                0x10001524        0x4 CMakeFiles/blink.dir/home/pi/.pico-sdk/sdk/2.1.0/src/rp2_common/pico_runtime_init/runtime_init.c.o
                0x10001524                runtime_init_spin_locks_reset
 .text.runtime_init_install_ram_vector_table
                0x10001528       0x20 CMakeFiles/blink.dir/home/pi/.pico-sdk/sdk/2.1.0/src/rp2_common/pico_runtime_init/runtime_init.c.o
                0x10001528                runtime_init_install_ram_vector_table
 .text.runtime_init_clocks
                0x10001548       0xdc CMakeFiles/blink.dir/home/pi/.pico-sdk/sdk/2.1.0/src/rp2_common/pico_runtime_init/runtime_init_clocks.c.o
                0x10001548                runtime_init_clocks
 .text.__rp2350_dcp_engaged_state_save_restore
                0x10001624       0x3a CMakeFiles/blink.dir/home/pi/.pico-sdk/sdk/2.1.0/src/rp2_common/pico_double/double_aeabi_dcp.S.o
 *fill*         0x1000165e        0x2 
 .text.__wrap___aeabi_dadd
                0x10001660       0x28 CMakeFiles/blink.dir/home/pi/.pico-sdk/sdk/2.1.0/src/rp2_common/pico_double/double_aeabi_dcp.S.o
                0x10001668                __wrap___aeabi_dadd
 .text.__wrap___aeabi_dsub
                0x10001688       0x28 CMakeFiles/blink.dir/home/pi/.pico-sdk/sdk/2.1.0/src/rp2_common/pico_double/double_aeabi_dcp.S.o
                0x10001690                __wrap___aeabi_dsub
 .text.__wrap___aeabi_dmul
                0x100016b0       0x4c CMakeFiles/blink.dir/home/pi/.pico-sdk/sdk/2.1.0/src/rp2_common/pico_double/double_aeabi_dcp.S.o
                0x100016b8                __wrap___aeabi_dmul
 .text.__wrap___aeabi_ddiv
                0x100016fc       0x9c CMakeFiles/blink.dir/home/pi/.pico-sdk/sdk/2.1.0/src/rp2_common/pico_double/double_aeabi_dcp.S.o
                0x10001704                __wrap___aeabi_ddiv
 .text.__wrap___aeabi_i2d
                0x10001798       0x24 CMakeFiles/blink.dir/home/pi/.pico-sdk/sdk/2.1.0/src/rp2_common/pico_double/double_aeabi_dcp.S.o
                0x100017a0                __wrap___aeabi_i2d
 .text.__wrap___aeabi_ui2d
                0x100017bc       0x24 CMakeFiles/blink.dir/home/pi/.pico-sdk/sdk/2.1.0/src/rp2_common/pico_double/double_aeabi_dcp.S.o
                0x100017c4                __wrap___aeabi_ui2d
 .text.__wrap___aeabi_d2iz
                0x100017e0       0x24 CMakeFiles/blink.dir/home/pi/.pico-sdk/sdk/2.1.0/src/rp2_common/pico_double/double_aeabi_dcp.S.o
                0x100017e8                __wrap___aeabi_d2iz
 .text.__wrap___aeabi_d2uiz
                0x10001804       0x24 CMakeFiles/blink.dir/home/pi/.pico-sdk/sdk/2.1.0/src/rp2_common/pico_double/double_aeabi_dcp.S.o
                0x1000180c                __wrap___aeabi_d2uiz
 .text.__wrap___aeabi_dcmpun
                0x10001828       0x24 CMakeFiles/blink.dir/home/pi/.pico-sdk/sdk/2.1.0/src/rp2_common/pico_double/double_aeabi_dcp.S.o
                0x10001830                __wrap___aeabi_dcmpun
 .text.__wrap___aeabi_dcmplt
                0x1000184c       0x28 CMakeFiles/blink.dir/home/pi/.pico-sdk/sdk/2.1.0/src/rp2_common/pico_double/double_aeabi_dcp.S.o
                0x10001854                __wrap___aeabi_dcmplt
 .text.__wrap___aeabi_dcmpge
                0x10001874       0x28 CMakeFiles/blink.dir/home/pi/.pico-sdk/sdk/2.1.0/src/rp2_common/pico_double/double_aeabi_dcp.S.o
                0x1000187c                __wrap___aeabi_dcmpge
 .text.__wrap___aeabi_dcmpgt
                0x1000189c       0x28 CMakeFiles/blink.dir/home/pi/.pico-sdk/sdk/2.1.0/src/rp2_common/pico_double/double_aeabi_dcp.S.o
                0x100018a4                __wrap___aeabi_dcmpgt
 .text._out_null
                0x100018c4        0x4 CMakeFiles/blink.dir/home/pi/.pico-sdk/sdk/2.1.0/src/rp2_common/pico_printf/printf.c.o
 .text._out_rev
                0x100018c8       0x9c CMakeFiles/blink.dir/home/pi/.pico-sdk/sdk/2.1.0/src/rp2_common/pico_printf/printf.c.o
 .text._ntoa_format
                0x10001964      0x2a4 CMakeFiles/blink.dir/home/pi/.pico-sdk/sdk/2.1.0/src/rp2_common/pico_printf/printf.c.o
 .text._out_char
                0x10001c08        0x8 CMakeFiles/blink.dir/home/pi/.pico-sdk/sdk/2.1.0/src/rp2_common/pico_printf/printf.c.o
 .text._out_fct
                0x10001c10        0xc CMakeFiles/blink.dir/home/pi/.pico-sdk/sdk/2.1.0/src/rp2_common/pico_printf/printf.c.o
 *fill*         0x10001c1c        0x4 
 .text._etoa    0x10001c20      0x460 CMakeFiles/blink.dir/home/pi/.pico-sdk/sdk/2.1.0/src/rp2_common/pico_printf/printf.c.o
 .text._ftoa    0x10002080      0x3f4 CMakeFiles/blink.dir/home/pi/.pico-sdk/sdk/2.1.0/src/rp2_common/pico_printf/printf.c.o
 .text._vsnprintf
                0x10002474      0x9e8 CMakeFiles/blink.dir/home/pi/.pico-sdk/sdk/2.1.0/src/rp2_common/pico_printf/printf.c.o
 .text.vfctprintf
                0x10002e5c       0x28 CMakeFiles/blink.dir/home/pi/.pico-sdk/sdk/2.1.0/src/rp2_common/pico_printf/printf.c.o
                0x10002e5c                vfctprintf
 .text.weak_raw_vprintf
                0x10002e84       0x30 CMakeFiles/blink.dir/home/pi/.pico-sdk/sdk/2.1.0/src/rp2_common/pico_printf/printf.c.o
                0x10002e84                weak_raw_vprintf
 .text._exit    0x10002eb4        0x4 CMakeFiles/blink.dir/home/pi/.pico-sdk/sdk/2.1.0/src/rp2_common/pico_clib_interface/newlib_interface.c.o
                0x10002eb4                _exit
 .text.exit     0x10002eb8        0x8 CMakeFiles/blink.dir/home/pi/.pico-sdk/sdk/2.1.0/src/rp2_common/pico_clib_interface/newlib_interface.c.o
                0x10002eb8                exit
 .text.runtime_init
                0x10002ec0       0x24 CMakeFiles/blink.dir/home/pi/.pico-sdk/sdk/2.1.0/src/rp2_common/pico_clib_interface/newlib_interface.c.o
                0x10002ec0                runtime_init
 .text.stdio_out_chars_no_crlf
                0x10002ee4        0x8 CMakeFiles/blink.dir/home/pi/.pico-sdk/sdk/2.1.0/src/rp2_common/pico_stdio/stdio.c.o
 .text.stdio_out_chars_crlf
                0x10002eec       0xac CMakeFiles/blink.dir/home/pi/.pico-sdk/sdk/2.1.0/src/rp2_common/pico_stdio/stdio.c.o
 .text.stdio_buffered_printer
                0x10002f98       0x60 CMakeFiles/blink.dir/home/pi/.pico-sdk/sdk/2.1.0/src/rp2_common/pico_stdio/stdio.c.o
 .text.stdio_put_string
                0x10002ff8       0xf0 CMakeFiles/blink.dir/home/pi/.pico-sdk/sdk/2.1.0/src/rp2_common/pico_stdio/stdio.c.o
                0x10002ff8                stdio_put_string
 .text.stdio_set_driver_enabled
                0x100030e8       0x30 CMakeFiles/blink.dir/home/pi/.pico-sdk/sdk/2.1.0/src/rp2_common/pico_stdio/stdio.c.o
                0x100030e8                stdio_set_driver_enabled
 .text.stdio_init_all
                0x10003118        0xc CMakeFiles/blink.dir/home/pi/.pico-sdk/sdk/2.1.0/src/rp2_common/pico_stdio/stdio.c.o
                0x10003118                stdio_init_all
 .text.__wrap_putchar
                0x10003124       0x84 CMakeFiles/blink.dir/home/pi/.pico-sdk/sdk/2.1.0/src/rp2_common/pico_stdio/stdio.c.o
                0x10003124                stdio_putchar
                0x10003124                __wrap_putchar
 .text.__wrap_puts
                0x100031a8       0x3c CMakeFiles/blink.dir/home/pi/.pico-sdk/sdk/2.1.0/src/rp2_common/pico_stdio/stdio.c.o
                0x100031a8                __wrap_puts
                0x100031a8                stdio_puts
 .text.__wrap_vprintf
                0x100031e4       0xc8 CMakeFiles/blink.dir/home/pi/.pico-sdk/sdk/2.1.0/src/rp2_common/pico_stdio/stdio.c.o
                0x100031e4                __wrap_vprintf
                0x100031e4                stdio_vprintf
 .text.__wrap_printf
                0x100032ac       0x1c CMakeFiles/blink.dir/home/pi/.pico-sdk/sdk/2.1.0/src/rp2_common/pico_stdio/stdio.c.o
                0x100032ac                stdio_printf
                0x100032ac                __wrap_printf
 .text.stdio_uart_out_chars
                0x100032c8       0x50 CMakeFiles/blink.dir/home/pi/.pico-sdk/sdk/2.1.0/src/rp2_common/pico_stdio_uart/stdio_uart.c.o
 .text.stdio_uart_in_chars
                0x10003318       0x94 CMakeFiles/blink.dir/home/pi/.pico-sdk/sdk/2.1.0/src/rp2_common/pico_stdio_uart/stdio_uart.c.o
                0x10003318                stdio_uart_in_chars
 .text.on_uart_rx
                0x100033ac       0x24 CMakeFiles/blink.dir/home/pi/.pico-sdk/sdk/2.1.0/src/rp2_common/pico_stdio_uart/stdio_uart.c.o
 .text.stdio_uart_out_flush
                0x100033d0       0x10 CMakeFiles/blink.dir/home/pi/.pico-sdk/sdk/2.1.0/src/rp2_common/pico_stdio_uart/stdio_uart.c.o
 .text.stdio_uart_set_chars_available_callback
                0x100033e0       0x88 CMakeFiles/blink.dir/home/pi/.pico-sdk/sdk/2.1.0/src/rp2_common/pico_stdio_uart/stdio_uart.c.o
 .text.stdio_uart_init
                0x10003468       0x54 CMakeFiles/blink.dir/home/pi/.pico-sdk/sdk/2.1.0/src/rp2_common/pico_stdio_uart/stdio_uart.c.o
                0x10003468                stdio_uart_init
 .text.i2c_read_blocking_internal
                0x100034bc       0xac CMakeFiles/blink.dir/home/pi/.pico-sdk/sdk/2.1.0/src/rp2_common/hardware_i2c/i2c.c.o
 .text.i2c_set_baudrate
                0x10003568       0xa8 CMakeFiles/blink.dir/home/pi/.pico-sdk/sdk/2.1.0/src/rp2_common/hardware_i2c/i2c.c.o
                0x10003568                i2c_set_baudrate
 .text.i2c_init
                0x10003610       0x4c CMakeFiles/blink.dir/home/pi/.pico-sdk/sdk/2.1.0/src/rp2_common/hardware_i2c/i2c.c.o
                0x10003610                i2c_init
 .text.i2c_read_blocking_until
                0x1000365c       0x3c CMakeFiles/blink.dir/home/pi/.pico-sdk/sdk/2.1.0/src/rp2_common/hardware_i2c/i2c.c.o
                0x1000365c                i2c_read_blocking_until
 .text          0x10003698       0xec /home/pi/.pico-sdk/toolchain/13_3_Rel1/bin/../lib/gcc/arm-none-eabi/13.3.1/../../../../arm-none-eabi/lib/thumb/v8-m.main+fp/softfp/libg.a(libc_a-memcpy.o)
                0x10003698                memcpy
 .text.strlen   0x10003784       0x5c /home/pi/.pico-sdk/toolchain/13_3_Rel1/bin/../lib/gcc/arm-none-eabi/13.3.1/../../../../arm-none-eabi/lib/thumb/v8-m.main+fp/softfp/libg.a(libc_a-strlen-stub.o)
                0x10003784                strlen
 *(.fini)
 .fini          0x100037e0        0x4 /home/pi/.pico-sdk/toolchain/13_3_Rel1/bin/../lib/gcc/arm-none-eabi/13.3.1/thumb/v8-m.main+fp/softfp/crti.o
                0x100037e0                _fini
 *fill*         0x100037e4        0x4 
 .fini.__stub   0x100037e8       0x18 linker stubs
 *crtbegin.o(.ctors)
 *crtbegin?.o(.ctors)
 *(EXCLUDE_FILE(*crtend.o *crtend?.o) .ctors)
 *(SORT_BY_NAME(.ctors.*))
 *(.ctors)
 *crtbegin.o(.dtors)
 *crtbegin?.o(.dtors)
 *(EXCLUDE_FILE(*crtend.o *crtend?.o) .dtors)
 *(SORT_BY_NAME(.dtors.*))
 *(.dtors)
                0x10003800                        . = ALIGN (0x4)
                0x10003800                        PROVIDE (__preinit_array_start = .)
 *(SORT_BY_NAME(.preinit_array.*))
 .preinit_array.00050
                0x10003800        0x4 CMakeFiles/blink.dir/home/pi/.pico-sdk/sdk/2.1.0/src/rp2_common/pico_runtime_init/runtime_init.c.o
                0x10003800                __pre_init_runtime_init_bootrom_reset
 .preinit_array.00100
                0x10003804        0x4 CMakeFiles/blink.dir/home/pi/.pico-sdk/sdk/2.1.0/src/rp2_common/pico_runtime_init/runtime_init.c.o
                0x10003804                __pre_init_runtime_init_early_resets
 .preinit_array.00101
                0x10003808        0x4 CMakeFiles/blink.dir/home/pi/.pico-sdk/sdk/2.1.0/src/rp2_common/pico_runtime_init/runtime_init.c.o
                0x10003808                __pre_init_runtime_init_usb_power_down
 .preinit_array.00500
                0x1000380c        0x4 CMakeFiles/blink.dir/home/pi/.pico-sdk/sdk/2.1.0/src/rp2_common/pico_runtime_init/runtime_init.c.o
                0x1000380c                __pre_init_runtime_init_clocks
 .preinit_array.00600
                0x10003810        0x4 CMakeFiles/blink.dir/home/pi/.pico-sdk/sdk/2.1.0/src/rp2_common/pico_runtime_init/runtime_init.c.o
                0x10003810                __pre_init_runtime_init_post_clock_resets
 .preinit_array.01000
                0x10003814        0x4 CMakeFiles/blink.dir/home/pi/.pico-sdk/sdk/2.1.0/src/rp2_common/hardware_boot_lock/boot_lock.c.o
                0x10003814                __pre_init_runtime_init_boot_locks_reset
 .preinit_array.01000
                0x10003818        0x4 CMakeFiles/blink.dir/home/pi/.pico-sdk/sdk/2.1.0/src/rp2_common/pico_runtime_init/runtime_init.c.o
                0x10003818                __pre_init_runtime_init_spin_locks_reset
 .preinit_array.01010
                0x1000381c        0x4 CMakeFiles/blink.dir/home/pi/.pico-sdk/sdk/2.1.0/src/rp2_common/pico_bootrom/bootrom_lock.c.o
                0x1000381c                __pre_init_runtime_init_bootrom_locking_enable
 .preinit_array.01100
                0x10003820        0x4 CMakeFiles/blink.dir/home/pi/.pico-sdk/sdk/2.1.0/src/common/pico_sync/mutex.c.o
                0x10003820                __pre_init_runtime_init_mutex
 .preinit_array.10080
                0x10003824        0x4 CMakeFiles/blink.dir/home/pi/.pico-sdk/sdk/2.1.0/src/rp2_common/pico_runtime_init/runtime_init.c.o
                0x10003824                __pre_init_runtime_init_install_ram_vector_table
 .preinit_array.11000
                0x10003828        0x4 CMakeFiles/blink.dir/home/pi/.pico-sdk/sdk/2.1.0/src/common/pico_time/time.c.o
                0x10003828                __pre_init_runtime_init_default_alarm_pool
 .preinit_array.YYYYY
                0x1000382c        0x4 CMakeFiles/blink.dir/home/pi/.pico-sdk/sdk/2.1.0/src/rp2_common/pico_runtime/runtime.c.o
                0x1000382c                __pre_init_first_per_core_initializer
 .preinit_array.ZZZZZ.00051
                0x10003830        0x4 CMakeFiles/blink.dir/home/pi/.pico-sdk/sdk/2.1.0/src/rp2_common/pico_runtime_init/runtime_init.c.o
                0x10003830                __pre_init_runtime_init_per_core_bootrom_reset
 .preinit_array.ZZZZZ.00200
                0x10003834        0x4 CMakeFiles/blink.dir/home/pi/.pico-sdk/sdk/2.1.0/src/rp2_common/pico_runtime_init/runtime_init.c.o
                0x10003834                __pre_init_runtime_init_per_core_enable_coprocessors
 .preinit_array.ZZZZZ.01000
                0x10003838        0x4 CMakeFiles/blink.dir/home/pi/.pico-sdk/sdk/2.1.0/src/rp2_common/hardware_sync_spin_lock/sync_spin_lock.c.o
                0x10003838                __pre_init_spinlock_set_extexclall
 .preinit_array.ZZZZZ.01200
                0x1000383c        0x4 CMakeFiles/blink.dir/home/pi/.pico-sdk/sdk/2.1.0/src/rp2_common/hardware_irq/irq.c.o
                0x1000383c                __pre_init_runtime_init_per_core_irq_priorities
 *(.preinit_array)
                0x10003840                        PROVIDE (__preinit_array_end = .)
                0x10003840                        . = ALIGN (0x4)
                0x10003840                        PROVIDE (__init_array_start = .)
 *(SORT_BY_NAME(.init_array.*))
 *(.init_array)
 .init_array    0x10003840        0x4 /home/pi/.pico-sdk/toolchain/13_3_Rel1/bin/../lib/gcc/arm-none-eabi/13.3.1/thumb/v8-m.main+fp/softfp/crtbegin.o
                0x10003844                        PROVIDE (__init_array_end = .)
                0x10003844                        . = ALIGN (0x4)
                [!provide]                        PROVIDE (__fini_array_start = .)
 *(SORT_BY_NAME(.fini_array.*))
 *(.fini_array)
                [!provide]                        PROVIDE (__fini_array_end = .)
 *(.eh_frame*)
 .eh_frame      0x10003844        0x0 /home/pi/.pico-sdk/toolchain/13_3_Rel1/bin/../lib/gcc/arm-none-eabi/13.3.1/thumb/v8-m.main+fp/softfp/crtbegin.o
                0x10003844                        . = ALIGN (0x4)

.glue_7         0x10003844        0x0
 .glue_7        0x10003844        0x0 linker stubs

.glue_7t        0x10003844        0x0
 .glue_7t       0x10003844        0x0 linker stubs

.vfp11_veneer   0x10003844        0x0
 .vfp11_veneer  0x10003844        0x0 linker stubs

.v4_bx          0x10003844        0x0
 .v4_bx         0x10003844        0x0 linker stubs

.iplt           0x10003844        0x0
 .iplt          0x10003844        0x0 /home/pi/.pico-sdk/toolchain/13_3_Rel1/bin/../lib/gcc/arm-none-eabi/13.3.1/thumb/v8-m.main+fp/softfp/crtbegin.o

.boot2          0x10003844        0x0
                0x10003844                        __boot2_start__ = .
 *(.boot2)
                0x10003844                        __boot2_end__ = .
                0x00000001                        ASSERT (((__boot2_end__ - __boot2_start__) <= 0x100), ERROR: Pico second stage bootloader must be no more than 256 bytes in size)

.rodata         0x10003848      0x1e0
 *(EXCLUDE_FILE(*libm.a: *libc.a:*lib_a-mem*.o *libgcc.a:) .rodata*)
 .rodata.main.str1.4
                0x10003848      0x11c CMakeFiles/blink.dir/blink.c.o
                                 0x5a (size before relaxing)
 .rodata.panic.str1.4
                0x10003964       0x12 CMakeFiles/blink.dir/home/pi/.pico-sdk/sdk/2.1.0/src/rp2_common/pico_platform_panic/panic.c.o
 .rodata.timer_hardware_alarm_claim.str1.4
                0x10003964       0x22 CMakeFiles/blink.dir/home/pi/.pico-sdk/sdk/2.1.0/src/rp2_common/hardware_timer/timer.c.o
 .rodata.hard_assertion_failure.str1.4
                0x10003964        0xc CMakeFiles/blink.dir/home/pi/.pico-sdk/sdk/2.1.0/src/rp2_common/pico_runtime/runtime.c.o
 .rodata.str1.4
                0x10003964       0x3c CMakeFiles/blink.dir/home/pi/.pico-sdk/sdk/2.1.0/src/rp2_common/pico_standard_binary_info/standard_binary_info.c.o
 .rodata.__bi_84
                0x10003964        0xc CMakeFiles/blink.dir/home/pi/.pico-sdk/sdk/2.1.0/src/rp2_common/pico_standard_binary_info/standard_binary_info.c.o
 .rodata.__bi_78
                0x10003970        0xc CMakeFiles/blink.dir/home/pi/.pico-sdk/sdk/2.1.0/src/rp2_common/pico_standard_binary_info/standard_binary_info.c.o
 .rodata.__bi_54
                0x1000397c        0xc CMakeFiles/blink.dir/home/pi/.pico-sdk/sdk/2.1.0/src/rp2_common/pico_standard_binary_info/standard_binary_info.c.o
 .rodata.__bi_48
                0x10003988        0xc CMakeFiles/blink.dir/home/pi/.pico-sdk/sdk/2.1.0/src/rp2_common/pico_standard_binary_info/standard_binary_info.c.o
 .rodata.__bi_42
                0x10003994        0xc CMakeFiles/blink.dir/home/pi/.pico-sdk/sdk/2.1.0/src/rp2_common/pico_standard_binary_info/standard_binary_info.c.o
 .rodata.__bi_34
                0x100039a0        0xc CMakeFiles/blink.dir/home/pi/.pico-sdk/sdk/2.1.0/src/rp2_common/pico_standard_binary_info/standard_binary_info.c.o
 .rodata.__bi_26
                0x100039ac        0xc CMakeFiles/blink.dir/home/pi/.pico-sdk/sdk/2.1.0/src/rp2_common/pico_standard_binary_info/standard_binary_info.c.o
 .rodata._ftoa.str1.4
                0x100039b8       0x15 CMakeFiles/blink.dir/home/pi/.pico-sdk/sdk/2.1.0/src/rp2_common/pico_printf/printf.c.o
 .rodata.pow10.0
                0x100039b8       0x50 CMakeFiles/blink.dir/home/pi/.pico-sdk/sdk/2.1.0/src/rp2_common/pico_printf/printf.c.o
 .rodata.crlf_str.0
                0x10003a08        0x2 CMakeFiles/blink.dir/home/pi/.pico-sdk/sdk/2.1.0/src/rp2_common/pico_stdio/stdio.c.o
 .rodata.str1.4
                0x10003a0a       0x2c CMakeFiles/blink.dir/home/pi/.pico-sdk/sdk/2.1.0/src/rp2_common/pico_stdio_uart/stdio_uart.c.o
 *fill*         0x10003a0a        0x2 
 .rodata.__bi_45.4
                0x10003a0c        0xc CMakeFiles/blink.dir/home/pi/.pico-sdk/sdk/2.1.0/src/rp2_common/pico_stdio_uart/stdio_uart.c.o
 .rodata.__bi_49.5
                0x10003a18        0x8 CMakeFiles/blink.dir/home/pi/.pico-sdk/sdk/2.1.0/src/rp2_common/pico_stdio_uart/stdio_uart.c.o
 .rodata.__bi_50.6
                0x10003a20        0x8 CMakeFiles/blink.dir/home/pi/.pico-sdk/sdk/2.1.0/src/rp2_common/pico_stdio_uart/stdio_uart.c.o
 *(.srodata*)
                0x10003a28                        . = ALIGN (0x4)
 *(SORT_BY_ALIGNMENT(SORT_BY_NAME(.flashdata*)))
                0x10003a28                        . = ALIGN (0x4)

.ARM.extab
 *(.ARM.extab* .gnu.linkonce.armextab.*)
                0x10003a28                        __exidx_start = .

.ARM.exidx      0x10003a28        0x8
 *(.ARM.exidx* .gnu.linkonce.armexidx.*)
 .ARM.exidx     0x10003a28        0x8 /home/pi/.pico-sdk/toolchain/13_3_Rel1/bin/../lib/gcc/arm-none-eabi/13.3.1/../../../../arm-none-eabi/lib/thumb/v8-m.main+fp/softfp/libg.a(libc_a-memcpy.o)
 .ARM.exidx.text.__udivmoddi4
                0x10003a30        0x0 /home/pi/.pico-sdk/toolchain/13_3_Rel1/bin/../lib/gcc/arm-none-eabi/13.3.1/thumb/v8-m.main+fp/softfp/libgcc.a(_udivmoddi4.o)
                                  0x8 (size before relaxing)
                0x10003a30                        __exidx_end = .
                0x10003a30                        . = ALIGN (0x4)
                0x10003a30                        __binary_info_start = .

.binary_info    0x10003a30       0x28
 *(.binary_info.keep.*)
 .binary_info.keep.__bi_ptr84
                0x10003a30        0x4 CMakeFiles/blink.dir/home/pi/.pico-sdk/sdk/2.1.0/src/rp2_common/pico_standard_binary_info/standard_binary_info.c.o
 .binary_info.keep.__bi_ptr78
                0x10003a34        0x4 CMakeFiles/blink.dir/home/pi/.pico-sdk/sdk/2.1.0/src/rp2_common/pico_standard_binary_info/standard_binary_info.c.o
 .binary_info.keep.__bi_ptr54
                0x10003a38        0x4 CMakeFiles/blink.dir/home/pi/.pico-sdk/sdk/2.1.0/src/rp2_common/pico_standard_binary_info/standard_binary_info.c.o
 .binary_info.keep.__bi_ptr48
                0x10003a3c        0x4 CMakeFiles/blink.dir/home/pi/.pico-sdk/sdk/2.1.0/src/rp2_common/pico_standard_binary_info/standard_binary_info.c.o
 .binary_info.keep.__bi_ptr42
                0x10003a40        0x4 CMakeFiles/blink.dir/home/pi/.pico-sdk/sdk/2.1.0/src/rp2_common/pico_standard_binary_info/standard_binary_info.c.o
 .binary_info.keep.__bi_ptr34
                0x10003a44        0x4 CMakeFiles/blink.dir/home/pi/.pico-sdk/sdk/2.1.0/src/rp2_common/pico_standard_binary_info/standard_binary_info.c.o
 .binary_info.keep.__bi_ptr26
                0x10003a48        0x4 CMakeFiles/blink.dir/home/pi/.pico-sdk/sdk/2.1.0/src/rp2_common/pico_standard_binary_info/standard_binary_info.c.o
 *(.binary_info.*)
 .binary_info.__bi_ptr50
                0x10003a4c        0x4 CMakeFiles/blink.dir/home/pi/.pico-sdk/sdk/2.1.0/src/rp2_common/pico_stdio_uart/stdio_uart.c.o
 .binary_info.__bi_ptr49
                0x10003a50        0x4 CMakeFiles/blink.dir/home/pi/.pico-sdk/sdk/2.1.0/src/rp2_common/pico_stdio_uart/stdio_uart.c.o
 .binary_info.__bi_ptr45
                0x10003a54        0x4 CMakeFiles/blink.dir/home/pi/.pico-sdk/sdk/2.1.0/src/rp2_common/pico_stdio_uart/stdio_uart.c.o
                0x10003a58                        __binary_info_end = .
                0x10003a58                        . = ALIGN (0x4)

.ram_vector_table
                0x20000000      0x110
 *(.ram_vector_table)
 .ram_vector_table
                0x20000000      0x110 CMakeFiles/blink.dir/home/pi/.pico-sdk/sdk/2.1.0/src/rp2_common/pico_runtime_init/runtime_init.c.o
                0x20000000                ram_vector_table

.uninitialized_data
                0x20000110        0x0
                0x20000110                        . = ALIGN (0x4)
 *(.uninitialized_data*)

.data           0x20000110      0x4e4 load address 0x10003a58
                0x20000110                        __data_start__ = .
 *(vtable)
 *(.time_critical*)
 .time_critical.mutex_enter_block_until
                0x20000110       0x70 CMakeFiles/blink.dir/home/pi/.pico-sdk/sdk/2.1.0/src/common/pico_sync/mutex.c.o
                0x20000110                mutex_enter_block_until
 .time_critical.mutex_try_enter_block_until
                0x20000180       0x6c CMakeFiles/blink.dir/home/pi/.pico-sdk/sdk/2.1.0/src/common/pico_sync/mutex.c.o
                0x20000180                mutex_try_enter_block_until
 .time_critical.mutex_exit
                0x200001ec       0x3c CMakeFiles/blink.dir/home/pi/.pico-sdk/sdk/2.1.0/src/common/pico_sync/mutex.c.o
                0x200001ec                mutex_exit
 *(.text*)
 .text          0x20000228       0x30 /home/pi/.pico-sdk/toolchain/13_3_Rel1/bin/../lib/gcc/arm-none-eabi/13.3.1/thumb/v8-m.main+fp/softfp/libgcc.a(_aeabi_uldivmod.o)
                0x20000228                __aeabi_uldivmod
 .text.__udivmoddi4
                0x20000258      0x300 /home/pi/.pico-sdk/toolchain/13_3_Rel1/bin/../lib/gcc/arm-none-eabi/13.3.1/thumb/v8-m.main+fp/softfp/libgcc.a(_udivmoddi4.o)
                0x20000258                __udivmoddi4
 .text          0x20000558        0x4 /home/pi/.pico-sdk/toolchain/13_3_Rel1/bin/../lib/gcc/arm-none-eabi/13.3.1/thumb/v8-m.main+fp/softfp/libgcc.a(_dvmd_tls.o)
                0x20000558                __aeabi_ldiv0
                0x20000558                __aeabi_idiv0
 *fill*         0x2000055c        0x4 
 .text.__stub   0x20000560        0x8 linker stubs
                0x20000568                        . = ALIGN (0x4)
 *(.rodata*)
                0x20000568                        . = ALIGN (0x4)
 *(.data*)
 .data.striped_spin_lock_num
                0x20000568        0x1 CMakeFiles/blink.dir/home/pi/.pico-sdk/sdk/2.1.0/src/rp2_common/hardware_sync/sync.c.o
 *fill*         0x20000569        0x3 
 .data          0x2000056c       0x48 CMakeFiles/blink.dir/home/pi/.pico-sdk/sdk/2.1.0/src/rp2_common/hardware_irq/irq_handler_chain.S.o
                0x2000056c                irq_handler_chain_slots
                0x2000059c                irq_handler_chain_first_slot
                0x200005a6                irq_handler_chain_remove_tail
 .data.default_alarm_pool
                0x200005b4       0x18 CMakeFiles/blink.dir/home/pi/.pico-sdk/sdk/2.1.0/src/common/pico_time/time.c.o
 .data.stdio_uart
                0x200005cc       0x18 CMakeFiles/blink.dir/home/pi/.pico-sdk/sdk/2.1.0/src/rp2_common/pico_stdio_uart/stdio_uart.c.o
                0x200005cc                stdio_uart
 .data.i2c0_inst
                0x200005e4        0x8 CMakeFiles/blink.dir/home/pi/.pico-sdk/sdk/2.1.0/src/rp2_common/hardware_i2c/i2c.c.o
                0x200005e4                i2c0_inst
 *(.sdata*)
                0x200005ec                        . = ALIGN (0x4)
 *(.after_data.*)
                0x200005ec                        . = ALIGN (0x4)
                0x200005ec                        PROVIDE (__mutex_array_start = .)
 *(SORT_BY_NAME(.mutex_array.*))
 *(.mutex_array)
 .mutex_array   0x200005ec        0x8 CMakeFiles/blink.dir/home/pi/.pico-sdk/sdk/2.1.0/src/rp2_common/pico_stdio/stdio.c.o
                0x200005f4                        PROVIDE (__mutex_array_end = .)
 *(.jcr)
                0x200005f4                        . = ALIGN (0x4)

.tm_clone_table
                0x200005f4        0x0 load address 0x10003f3c
 .tm_clone_table
                0x200005f4        0x0 /home/pi/.pico-sdk/toolchain/13_3_Rel1/bin/../lib/gcc/arm-none-eabi/13.3.1/thumb/v8-m.main+fp/softfp/crtbegin.o
 .tm_clone_table
                0x200005f4        0x0 /home/pi/.pico-sdk/toolchain/13_3_Rel1/bin/../lib/gcc/arm-none-eabi/13.3.1/thumb/v8-m.main+fp/softfp/crtend.o

.igot.plt       0x200005f4        0x0 load address 0x10003f3c
 .igot.plt      0x200005f4        0x0 /home/pi/.pico-sdk/toolchain/13_3_Rel1/bin/../lib/gcc/arm-none-eabi/13.3.1/thumb/v8-m.main+fp/softfp/crtbegin.o

.tdata          0x200005f4        0x0 load address 0x10003f3c
                0x200005f4                        . = ALIGN (0x4)
 *(.tdata .tdata.* .gnu.linkonce.td.*)
                0x200005f4                        __tdata_end = .
                0x200005f4                        PROVIDE (__data_end__ = .)
                0x10003a58                        __etext = LOADADDR (.data)

.tbss           0x200005f4        0x0 load address 0x10003f3c
                0x200005f4                        . = ALIGN (0x4)
                0x200005f4                        __bss_start__ = .
                0x200005f4                        __tls_base = .
 *(.tbss .tbss.* .gnu.linkonce.tb.*)
 *(.tcommon)
                0x200005f4                        __tls_end = .

.bss            0x200005f8      0x228 load address 0x10003f3c
                0x200005f8                        . = ALIGN (0x4)
                0x200005f8                        __tbss_end = .
 *(SORT_BY_ALIGNMENT(SORT_BY_NAME(.bss*)))
 .bss.default_alarm_pool_entries
                0x200005f8      0x180 CMakeFiles/blink.dir/home/pi/.pico-sdk/sdk/2.1.0/src/common/pico_time/time.c.o
 .bss._sw_spin_locks
                0x20000778       0x20 CMakeFiles/blink.dir/home/pi/.pico-sdk/sdk/2.1.0/src/rp2_common/hardware_sync_spin_lock/sync_spin_lock.c.o
                0x20000778                _sw_spin_locks
 .bss.chars_available_callback
                0x20000798        0x4 CMakeFiles/blink.dir/home/pi/.pico-sdk/sdk/2.1.0/src/rp2_common/pico_stdio_uart/stdio_uart.c.o
 .bss.chars_available_param
                0x2000079c        0x4 CMakeFiles/blink.dir/home/pi/.pico-sdk/sdk/2.1.0/src/rp2_common/pico_stdio_uart/stdio_uart.c.o
 .bss.claimed   0x200007a0        0x2 CMakeFiles/blink.dir/home/pi/.pico-sdk/sdk/2.1.0/src/rp2_common/hardware_timer/timer.c.o
 *fill*         0x200007a2        0x2 
 .bss.configured_freq
                0x200007a4       0x28 CMakeFiles/blink.dir/home/pi/.pico-sdk/sdk/2.1.0/src/rp2_common/hardware_clocks/clocks.c.o
 .bss.drivers   0x200007cc        0x4 CMakeFiles/blink.dir/home/pi/.pico-sdk/sdk/2.1.0/src/rp2_common/pico_stdio/stdio.c.o
 .bss.filter    0x200007d0        0x4 CMakeFiles/blink.dir/home/pi/.pico-sdk/sdk/2.1.0/src/rp2_common/pico_stdio/stdio.c.o
 .bss.lazy_vsnprintf
                0x200007d4        0x4 CMakeFiles/blink.dir/home/pi/.pico-sdk/sdk/2.1.0/src/rp2_common/pico_printf/printf.c.o
 .bss.object.0  0x200007d8       0x18 /home/pi/.pico-sdk/toolchain/13_3_Rel1/bin/../lib/gcc/arm-none-eabi/13.3.1/thumb/v8-m.main+fp/softfp/crtbegin.o
 .bss.pools     0x200007f0       0x20 CMakeFiles/blink.dir/home/pi/.pico-sdk/sdk/2.1.0/src/common/pico_time/time.c.o
 .bss.sleep_notifier
                0x20000810        0x4 CMakeFiles/blink.dir/home/pi/.pico-sdk/sdk/2.1.0/src/common/pico_time/time.c.o
 .bss.uart_char_to_line_feed
                0x20000814        0x4 CMakeFiles/blink.dir/home/pi/.pico-sdk/sdk/2.1.0/src/rp2_common/hardware_uart/uart.c.o
                0x20000814                uart_char_to_line_feed
 .bss.uart_instance
                0x20000818        0x4 CMakeFiles/blink.dir/home/pi/.pico-sdk/sdk/2.1.0/src/rp2_common/pico_stdio_uart/stdio_uart.c.o
 .bss.irq_handler_chain_free_slot_head
                0x2000081c        0x1 CMakeFiles/blink.dir/home/pi/.pico-sdk/sdk/2.1.0/src/rp2_common/hardware_irq/irq.c.o
 *(COMMON)
                [!provide]                        PROVIDE (__global_pointer$ = (. + 0x800))
 *(.sbss*)
                0x20000820                        . = ALIGN (0x4)
 *fill*         0x2000081d        0x3 
                0x20000820                        __bss_end__ = .

.heap           0x20000820      0x800 load address 0x10003f3c
                0x20000820                        __end__ = .
                0x20000820                        end = __end__
 *(.heap*)
 .heap          0x20000820      0x800 CMakeFiles/blink.dir/home/pi/.pico-sdk/sdk/2.1.0/src/rp2_common/pico_crt0/crt0.S.o
                0x20080000                        __HeapLimit = (ORIGIN (RAM) + LENGTH (RAM))

.scratch_x      0x20080000        0x0 load address 0x10003f3c
                0x20080000                        __scratch_x_start__ = .
 *(.scratch_x.*)
                0x20080000                        . = ALIGN (0x4)
                0x20080000                        __scratch_x_end__ = .
                0x10003f3c                        __scratch_x_source__ = LOADADDR (.scratch_x)

.scratch_y      0x20081000        0x0 load address 0x10003f3c
                0x20081000                        __scratch_y_start__ = .
 *(.scratch_y.*)
                0x20081000                        . = ALIGN (0x4)
                0x20081000                        __scratch_y_end__ = .
                0x10003f3c                        __scratch_y_source__ = LOADADDR (.scratch_y)

.stack1_dummy
 *(.stack1*)

.stack_dummy    0x20081000      0x800
 *(.stack*)
 .stack         0x20081000      0x800 CMakeFiles/blink.dir/home/pi/.pico-sdk/sdk/2.1.0/src/rp2_common/pico_crt0/crt0.S.o

.flash_end      0x10003f3c       0x14
 *(.embedded_end_block*)
 .embedded_end_block
                0x10003f3c       0x14 CMakeFiles/blink.dir/home/pi/.pico-sdk/sdk/2.1.0/src/rp2_common/pico_crt0/crt0.S.o
                0x10003f50                        PROVIDE (__flash_binary_end = .)
                0x20080000                        __StackLimit = (ORIGIN (RAM) + LENGTH (RAM))
                0x20081000                        __StackOneTop = (ORIGIN (SCRATCH_X) + LENGTH (SCRATCH_X))
                0x20082000                        __StackTop = (ORIGIN (SCRATCH_Y) + LENGTH (SCRATCH_Y))
                0x20081000                        __StackOneBottom = (__StackOneTop - SIZEOF (.stack1_dummy))
                0x20081800                        __StackBottom = (__StackTop - SIZEOF (.stack_dummy))
                0x20082000                        PROVIDE (__stack = __StackTop)
                [!provide]                        PROVIDE (__heap_start = __end__)
                [!provide]                        PROVIDE (__heap_end = __HeapLimit)
                [!provide]                        PROVIDE (__tls_align = MAX (ALIGNOF (.tdata), ALIGNOF (.tbss)))
                [!provide]                        PROVIDE (__tls_size_align = (((__tls_size + __tls_align) - 0x1) & ~ ((__tls_align - 0x1))))
                [!provide]                        PROVIDE (__arm32_tls_tcb_offset = MAX (0x8, __tls_align))
                [!provide]                        PROVIDE (_end = __end__)
                [!provide]                        PROVIDE (__llvm_libc_heap_limit = __HeapLimit)
                0x00000001                        ASSERT ((__StackLimit >= __HeapLimit), region RAM overflowed)
                0x00000001                        ASSERT (((__binary_info_header_end - __logical_binary_start) <= 0x400), Binary info must be in first 1024 bytes of the binary)
                0x00000001                        ASSERT (((__embedded_block_end - __logical_binary_start) <= 0x1000), Embedded block must be in first 4096 bytes of the binary)
LOAD CMakeFiles/blink.dir/blink.c.o
LOAD CMakeFiles/blink.dir/home/pi/.pico-sdk/sdk/2.1.0/src/rp2_common/pico_stdlib/stdlib.c.o
LOAD CMakeFiles/blink.dir/home/pi/.pico-sdk/sdk/2.1.0/src/rp2_common/hardware_gpio/gpio.c.o
LOAD CMakeFiles/blink.dir/home/pi/.pico-sdk/sdk/2.1.0/src/rp2350/pico_platform/platform.c.o
LOAD CMakeFiles/blink.dir/home/pi/.pico-sdk/sdk/2.1.0/src/rp2_common/pico_platform_panic/panic.c.o
LOAD CMakeFiles/blink.dir/home/pi/.pico-sdk/sdk/2.1.0/src/common/hardware_claim/claim.c.o
LOAD CMakeFiles/blink.dir/home/pi/.pico-sdk/sdk/2.1.0/src/rp2_common/hardware_sync/sync.c.o
LOAD CMakeFiles/blink.dir/home/pi/.pico-sdk/sdk/2.1.0/src/rp2_common/hardware_sync_spin_lock/sync_spin_lock.c.o
LOAD CMakeFiles/blink.dir/home/pi/.pico-sdk/sdk/2.1.0/src/rp2_common/hardware_irq/irq.c.o
LOAD CMakeFiles/blink.dir/home/pi/.pico-sdk/sdk/2.1.0/src/rp2_common/hardware_irq/irq_handler_chain.S.o
LOAD CMakeFiles/blink.dir/home/pi/.pico-sdk/sdk/2.1.0/src/common/pico_sync/sem.c.o
LOAD CMakeFiles/blink.dir/home/pi/.pico-sdk/sdk/2.1.0/src/common/pico_sync/lock_core.c.o
LOAD CMakeFiles/blink.dir/home/pi/.pico-sdk/sdk/2.1.0/src/common/pico_sync/mutex.c.o
LOAD CMakeFiles/blink.dir/home/pi/.pico-sdk/sdk/2.1.0/src/common/pico_sync/critical_section.c.o
LOAD CMakeFiles/blink.dir/home/pi/.pico-sdk/sdk/2.1.0/src/common/pico_time/time.c.o
LOAD CMakeFiles/blink.dir/home/pi/.pico-sdk/sdk/2.1.0/src/common/pico_time/timeout_helper.c.o
LOAD CMakeFiles/blink.dir/home/pi/.pico-sdk/sdk/2.1.0/src/rp2_common/hardware_timer/timer.c.o
LOAD CMakeFiles/blink.dir/home/pi/.pico-sdk/sdk/2.1.0/src/common/pico_util/datetime.c.o
LOAD CMakeFiles/blink.dir/home/pi/.pico-sdk/sdk/2.1.0/src/common/pico_util/pheap.c.o
LOAD CMakeFiles/blink.dir/home/pi/.pico-sdk/sdk/2.1.0/src/common/pico_util/queue.c.o
LOAD CMakeFiles/blink.dir/home/pi/.pico-sdk/sdk/2.1.0/src/rp2_common/hardware_uart/uart.c.o
LOAD CMakeFiles/blink.dir/home/pi/.pico-sdk/sdk/2.1.0/src/rp2_common/hardware_clocks/clocks.c.o
LOAD CMakeFiles/blink.dir/home/pi/.pico-sdk/sdk/2.1.0/src/rp2_common/hardware_pll/pll.c.o
LOAD CMakeFiles/blink.dir/home/pi/.pico-sdk/sdk/2.1.0/src/rp2_common/hardware_vreg/vreg.c.o
LOAD CMakeFiles/blink.dir/home/pi/.pico-sdk/sdk/2.1.0/src/rp2_common/hardware_watchdog/watchdog.c.o
LOAD CMakeFiles/blink.dir/home/pi/.pico-sdk/sdk/2.1.0/src/rp2_common/hardware_ticks/ticks.c.o
LOAD CMakeFiles/blink.dir/home/pi/.pico-sdk/sdk/2.1.0/src/rp2_common/pico_bootrom/bootrom.c.o
LOAD CMakeFiles/blink.dir/home/pi/.pico-sdk/sdk/2.1.0/src/rp2_common/pico_bootrom/bootrom_lock.c.o
LOAD CMakeFiles/blink.dir/home/pi/.pico-sdk/sdk/2.1.0/src/rp2_common/hardware_boot_lock/boot_lock.c.o
LOAD CMakeFiles/blink.dir/home/pi/.pico-sdk/sdk/2.1.0/src/rp2_common/pico_flash/flash.c.o
LOAD CMakeFiles/blink.dir/home/pi/.pico-sdk/sdk/2.1.0/src/rp2_common/hardware_xosc/xosc.c.o
LOAD CMakeFiles/blink.dir/home/pi/.pico-sdk/sdk/2.1.0/src/rp2_common/hardware_divider/divider.c.o
LOAD CMakeFiles/blink.dir/home/pi/.pico-sdk/sdk/2.1.0/src/rp2_common/pico_runtime/runtime.c.o
LOAD CMakeFiles/blink.dir/home/pi/.pico-sdk/sdk/2.1.0/src/rp2_common/pico_runtime_init/runtime_init.c.o
LOAD CMakeFiles/blink.dir/home/pi/.pico-sdk/sdk/2.1.0/src/rp2_common/pico_runtime_init/runtime_init_clocks.c.o
LOAD CMakeFiles/blink.dir/home/pi/.pico-sdk/sdk/2.1.0/src/rp2_common/pico_runtime_init/runtime_init_stack_guard.c.o
LOAD CMakeFiles/blink.dir/home/pi/.pico-sdk/sdk/2.1.0/src/rp2_common/pico_bit_ops/bit_ops_aeabi.S.o
LOAD CMakeFiles/blink.dir/home/pi/.pico-sdk/sdk/2.1.0/src/rp2_common/pico_divider/divider_compiler.c.o
LOAD CMakeFiles/blink.dir/home/pi/.pico-sdk/sdk/2.1.0/src/rp2_common/pico_double/double_math.c.o
LOAD CMakeFiles/blink.dir/home/pi/.pico-sdk/sdk/2.1.0/src/rp2_common/pico_double/double_aeabi_dcp.S.o
LOAD CMakeFiles/blink.dir/home/pi/.pico-sdk/sdk/2.1.0/src/rp2_common/pico_double/double_fma_dcp.S.o
LOAD CMakeFiles/blink.dir/home/pi/.pico-sdk/sdk/2.1.0/src/rp2_common/pico_double/double_sci_m33.S.o
LOAD CMakeFiles/blink.dir/home/pi/.pico-sdk/sdk/2.1.0/src/rp2_common/pico_double/double_conv_m33.S.o
LOAD CMakeFiles/blink.dir/home/pi/.pico-sdk/sdk/2.1.0/src/rp2_common/pico_float/float_math.c.o
LOAD CMakeFiles/blink.dir/home/pi/.pico-sdk/sdk/2.1.0/src/rp2_common/pico_float/float_sci_m33_vfp.S.o
LOAD CMakeFiles/blink.dir/home/pi/.pico-sdk/sdk/2.1.0/src/rp2_common/pico_float/float_conv_m33.S.o
LOAD CMakeFiles/blink.dir/home/pi/.pico-sdk/sdk/2.1.0/src/rp2_common/pico_malloc/malloc.c.o
LOAD CMakeFiles/blink.dir/home/pi/.pico-sdk/sdk/2.1.0/src/rp2_common/pico_atomic/atomic.c.o
LOAD CMakeFiles/blink.dir/home/pi/.pico-sdk/sdk/2.1.0/src/rp2_common/pico_cxx_options/new_delete.cpp.o
LOAD CMakeFiles/blink.dir/home/pi/.pico-sdk/sdk/2.1.0/src/rp2_common/pico_standard_binary_info/standard_binary_info.c.o
LOAD CMakeFiles/blink.dir/home/pi/.pico-sdk/sdk/2.1.0/src/rp2_common/pico_printf/printf.c.o
LOAD CMakeFiles/blink.dir/home/pi/.pico-sdk/sdk/2.1.0/src/rp2_common/pico_crt0/crt0.S.o
LOAD CMakeFiles/blink.dir/home/pi/.pico-sdk/sdk/2.1.0/src/rp2_common/pico_clib_interface/newlib_interface.c.o
LOAD CMakeFiles/blink.dir/home/pi/.pico-sdk/sdk/2.1.0/src/rp2_common/pico_stdio/stdio.c.o
LOAD CMakeFiles/blink.dir/home/pi/.pico-sdk/sdk/2.1.0/src/rp2_common/pico_stdio_uart/stdio_uart.c.o
LOAD CMakeFiles/blink.dir/home/pi/.pico-sdk/sdk/2.1.0/src/rp2_common/hardware_i2c/i2c.c.o
LOAD CMakeFiles/blink.dir/home/pi/.pico-sdk/sdk/2.1.0/src/rp2_common/hardware_spi/spi.c.o
LOAD pico-sdk/src/rp2350/boot_stage2/CMakeFiles/bs2_default_library.dir/./bs2_default_padded_checksummed.S.o
LOAD /home/pi/.pico-sdk/toolchain/13_3_Rel1/bin/../lib/gcc/arm-none-eabi/13.3.1/../../../../arm-none-eabi/lib/thumb/v8-m.main+fp/softfp/libstdc++.a
LOAD /home/pi/.pico-sdk/toolchain/13_3_Rel1/bin/../lib/gcc/arm-none-eabi/13.3.1/../../../../arm-none-eabi/lib/thumb/v8-m.main+fp/softfp/libm.a
START GROUP
LOAD /home/pi/.pico-sdk/toolchain/13_3_Rel1/bin/../lib/gcc/arm-none-eabi/13.3.1/thumb/v8-m.main+fp/softfp/libgcc.a
LOAD /home/pi/.pico-sdk/toolchain/13_3_Rel1/bin/../lib/gcc/arm-none-eabi/13.3.1/../../../../arm-none-eabi/lib/thumb/v8-m.main+fp/softfp/libg.a
LOAD /home/pi/.pico-sdk/toolchain/13_3_Rel1/bin/../lib/gcc/arm-none-eabi/13.3.1/../../../../arm-none-eabi/lib/thumb/v8-m.main+fp/softfp/libc.a
END GROUP
START GROUP
LOAD /home/pi/.pico-sdk/toolchain/13_3_Rel1/bin/../lib/gcc/arm-none-eabi/13.3.1/thumb/v8-m.main+fp/softfp/libgcc.a
LOAD /home/pi/.pico-sdk/toolchain/13_3_Rel1/bin/../lib/gcc/arm-none-eabi/13.3.1/../../../../arm-none-eabi/lib/thumb/v8-m.main+fp/softfp/libc.a
LOAD /home/pi/.pico-sdk/toolchain/13_3_Rel1/bin/../lib/gcc/arm-none-eabi/13.3.1/../../../../arm-none-eabi/lib/thumb/v8-m.main+fp/softfp/libnosys.a
END GROUP
LOAD /home/pi/.pico-sdk/toolchain/13_3_Rel1/bin/../lib/gcc/arm-none-eabi/13.3.1/thumb/v8-m.main+fp/softfp/crtend.o
LOAD /home/pi/.pico-sdk/toolchain/13_3_Rel1/bin/../lib/gcc/arm-none-eabi/13.3.1/thumb/v8-m.main+fp/softfp/crtn.o
OUTPUT(blink.elf elf32-littlearm)
LOAD linker stubs

.rel.dyn        0x10003f50        0x0
 .rel.iplt      0x10003f50        0x0 /home/pi/.pico-sdk/toolchain/13_3_Rel1/bin/../lib/gcc/arm-none-eabi/13.3.1/thumb/v8-m.main+fp/softfp/crtbegin.o

.ARM.attributes
                0x00000000       0x34
 .ARM.attributes
                0x00000000       0x26 /home/pi/.pico-sdk/toolchain/13_3_Rel1/bin/../lib/gcc/arm-none-eabi/13.3.1/thumb/v8-m.main+fp/softfp/crti.o
 .ARM.attributes
                0x00000026       0x36 /home/pi/.pico-sdk/toolchain/13_3_Rel1/bin/../lib/gcc/arm-none-eabi/13.3.1/thumb/v8-m.main+fp/softfp/crtbegin.o
 .ARM.attributes
                0x0000005c       0x38 CMakeFiles/blink.dir/blink.c.o
 .ARM.attributes
                0x00000094       0x38 CMakeFiles/blink.dir/home/pi/.pico-sdk/sdk/2.1.0/src/rp2_common/hardware_gpio/gpio.c.o
 .ARM.attributes
                0x000000cc       0x38 CMakeFiles/blink.dir/home/pi/.pico-sdk/sdk/2.1.0/src/rp2_common/pico_platform_panic/panic.c.o
 .ARM.attributes
                0x00000104       0x38 CMakeFiles/blink.dir/home/pi/.pico-sdk/sdk/2.1.0/src/common/hardware_claim/claim.c.o
 .ARM.attributes
                0x0000013c       0x38 CMakeFiles/blink.dir/home/pi/.pico-sdk/sdk/2.1.0/src/rp2_common/hardware_sync/sync.c.o
 .ARM.attributes
                0x00000174       0x38 CMakeFiles/blink.dir/home/pi/.pico-sdk/sdk/2.1.0/src/rp2_common/hardware_sync_spin_lock/sync_spin_lock.c.o
 .ARM.attributes
                0x000001ac       0x38 CMakeFiles/blink.dir/home/pi/.pico-sdk/sdk/2.1.0/src/rp2_common/hardware_irq/irq.c.o
 .ARM.attributes
                0x000001e4       0x28 CMakeFiles/blink.dir/home/pi/.pico-sdk/sdk/2.1.0/src/rp2_common/hardware_irq/irq_handler_chain.S.o
 .ARM.attributes
                0x0000020c       0x38 CMakeFiles/blink.dir/home/pi/.pico-sdk/sdk/2.1.0/src/common/pico_sync/lock_core.c.o
 .ARM.attributes
                0x00000244       0x38 CMakeFiles/blink.dir/home/pi/.pico-sdk/sdk/2.1.0/src/common/pico_sync/mutex.c.o
 .ARM.attributes
                0x0000027c       0x38 CMakeFiles/blink.dir/home/pi/.pico-sdk/sdk/2.1.0/src/common/pico_time/time.c.o
 .ARM.attributes
                0x000002b4       0x38 CMakeFiles/blink.dir/home/pi/.pico-sdk/sdk/2.1.0/src/common/pico_time/timeout_helper.c.o
 .ARM.attributes
                0x000002ec       0x38 CMakeFiles/blink.dir/home/pi/.pico-sdk/sdk/2.1.0/src/rp2_common/hardware_timer/timer.c.o
 .ARM.attributes
                0x00000324       0x38 CMakeFiles/blink.dir/home/pi/.pico-sdk/sdk/2.1.0/src/rp2_common/hardware_uart/uart.c.o
 .ARM.attributes
                0x0000035c       0x38 CMakeFiles/blink.dir/home/pi/.pico-sdk/sdk/2.1.0/src/rp2_common/hardware_clocks/clocks.c.o
 .ARM.attributes
                0x00000394       0x38 CMakeFiles/blink.dir/home/pi/.pico-sdk/sdk/2.1.0/src/rp2_common/hardware_pll/pll.c.o
 .ARM.attributes
                0x000003cc       0x38 CMakeFiles/blink.dir/home/pi/.pico-sdk/sdk/2.1.0/src/rp2_common/hardware_ticks/ticks.c.o
 .ARM.attributes
                0x00000404       0x38 CMakeFiles/blink.dir/home/pi/.pico-sdk/sdk/2.1.0/src/rp2_common/pico_bootrom/bootrom.c.o
 .ARM.attributes
                0x0000043c       0x38 CMakeFiles/blink.dir/home/pi/.pico-sdk/sdk/2.1.0/src/rp2_common/pico_bootrom/bootrom_lock.c.o
 .ARM.attributes
                0x00000474       0x38 CMakeFiles/blink.dir/home/pi/.pico-sdk/sdk/2.1.0/src/rp2_common/hardware_boot_lock/boot_lock.c.o
 .ARM.attributes
                0x000004ac       0x38 CMakeFiles/blink.dir/home/pi/.pico-sdk/sdk/2.1.0/src/rp2_common/hardware_xosc/xosc.c.o
 .ARM.attributes
                0x000004e4       0x38 CMakeFiles/blink.dir/home/pi/.pico-sdk/sdk/2.1.0/src/rp2_common/pico_runtime/runtime.c.o
 .ARM.attributes
                0x0000051c       0x38 CMakeFiles/blink.dir/home/pi/.pico-sdk/sdk/2.1.0/src/rp2_common/pico_runtime_init/runtime_init.c.o
 .ARM.attributes
                0x00000554       0x38 CMakeFiles/blink.dir/home/pi/.pico-sdk/sdk/2.1.0/src/rp2_common/pico_runtime_init/runtime_init_clocks.c.o
 .ARM.attributes
                0x0000058c       0x28 CMakeFiles/blink.dir/home/pi/.pico-sdk/sdk/2.1.0/src/rp2_common/pico_double/double_aeabi_dcp.S.o
 .ARM.attributes
                0x000005b4       0x38 CMakeFiles/blink.dir/home/pi/.pico-sdk/sdk/2.1.0/src/rp2_common/pico_standard_binary_info/standard_binary_info.c.o
 .ARM.attributes
                0x000005ec       0x38 CMakeFiles/blink.dir/home/pi/.pico-sdk/sdk/2.1.0/src/rp2_common/pico_printf/printf.c.o
 .ARM.attributes
                0x00000624       0x28 CMakeFiles/blink.dir/home/pi/.pico-sdk/sdk/2.1.0/src/rp2_common/pico_crt0/crt0.S.o
 .ARM.attributes
                0x0000064c       0x38 CMakeFiles/blink.dir/home/pi/.pico-sdk/sdk/2.1.0/src/rp2_common/pico_clib_interface/newlib_interface.c.o
 .ARM.attributes
                0x00000684       0x38 CMakeFiles/blink.dir/home/pi/.pico-sdk/sdk/2.1.0/src/rp2_common/pico_stdio/stdio.c.o
 .ARM.attributes
                0x000006bc       0x38 CMakeFiles/blink.dir/home/pi/.pico-sdk/sdk/2.1.0/src/rp2_common/pico_stdio_uart/stdio_uart.c.o
 .ARM.attributes
                0x000006f4       0x38 CMakeFiles/blink.dir/home/pi/.pico-sdk/sdk/2.1.0/src/rp2_common/hardware_i2c/i2c.c.o
 .ARM.attributes
                0x0000072c       0x26 /home/pi/.pico-sdk/toolchain/13_3_Rel1/bin/../lib/gcc/arm-none-eabi/13.3.1/thumb/v8-m.main+fp/softfp/libgcc.a(_aeabi_uldivmod.o)
 .ARM.attributes
                0x00000752       0x36 /home/pi/.pico-sdk/toolchain/13_3_Rel1/bin/../lib/gcc/arm-none-eabi/13.3.1/thumb/v8-m.main+fp/softfp/libgcc.a(_udivmoddi4.o)
 .ARM.attributes
                0x00000788       0x26 /home/pi/.pico-sdk/toolchain/13_3_Rel1/bin/../lib/gcc/arm-none-eabi/13.3.1/thumb/v8-m.main+fp/softfp/libgcc.a(_dvmd_tls.o)
 .ARM.attributes
                0x000007ae       0x24 /home/pi/.pico-sdk/toolchain/13_3_Rel1/bin/../lib/gcc/arm-none-eabi/13.3.1/../../../../arm-none-eabi/lib/thumb/v8-m.main+fp/softfp/libg.a(libc_a-memcpy.o)
 .ARM.attributes
                0x000007d2       0x36 /home/pi/.pico-sdk/toolchain/13_3_Rel1/bin/../lib/gcc/arm-none-eabi/13.3.1/../../../../arm-none-eabi/lib/thumb/v8-m.main+fp/softfp/libg.a(libc_a-strlen-stub.o)
 .ARM.attributes
                0x00000808       0x36 /home/pi/.pico-sdk/toolchain/13_3_Rel1/bin/../lib/gcc/arm-none-eabi/13.3.1/thumb/v8-m.main+fp/softfp/crtend.o

.comment        0x00000000       0x45
 .comment       0x00000000       0x45 CMakeFiles/blink.dir/blink.c.o
                                 0x46 (size before relaxing)
 .comment       0x00000045       0x46 CMakeFiles/blink.dir/home/pi/.pico-sdk/sdk/2.1.0/src/rp2_common/hardware_gpio/gpio.c.o
 .comment       0x00000045       0x46 CMakeFiles/blink.dir/home/pi/.pico-sdk/sdk/2.1.0/src/rp2_common/pico_platform_panic/panic.c.o
 .comment       0x00000045       0x46 CMakeFiles/blink.dir/home/pi/.pico-sdk/sdk/2.1.0/src/common/hardware_claim/claim.c.o
 .comment       0x00000045       0x46 CMakeFiles/blink.dir/home/pi/.pico-sdk/sdk/2.1.0/src/rp2_common/hardware_sync/sync.c.o
 .comment       0x00000045       0x46 CMakeFiles/blink.dir/home/pi/.pico-sdk/sdk/2.1.0/src/rp2_common/hardware_sync_spin_lock/sync_spin_lock.c.o
 .comment       0x00000045       0x46 CMakeFiles/blink.dir/home/pi/.pico-sdk/sdk/2.1.0/src/rp2_common/hardware_irq/irq.c.o
 .comment       0x00000045       0x46 CMakeFiles/blink.dir/home/pi/.pico-sdk/sdk/2.1.0/src/common/pico_sync/lock_core.c.o
 .comment       0x00000045       0x46 CMakeFiles/blink.dir/home/pi/.pico-sdk/sdk/2.1.0/src/common/pico_sync/mutex.c.o
 .comment       0x00000045       0x46 CMakeFiles/blink.dir/home/pi/.pico-sdk/sdk/2.1.0/src/common/pico_time/time.c.o
 .comment       0x00000045       0x46 CMakeFiles/blink.dir/home/pi/.pico-sdk/sdk/2.1.0/src/common/pico_time/timeout_helper.c.o
 .comment       0x00000045       0x46 CMakeFiles/blink.dir/home/pi/.pico-sdk/sdk/2.1.0/src/rp2_common/hardware_timer/timer.c.o
 .comment       0x00000045       0x46 CMakeFiles/blink.dir/home/pi/.pico-sdk/sdk/2.1.0/src/rp2_common/hardware_uart/uart.c.o
 .comment       0x00000045       0x46 CMakeFiles/blink.dir/home/pi/.pico-sdk/sdk/2.1.0/src/rp2_common/hardware_clocks/clocks.c.o
 .comment       0x00000045       0x46 CMakeFiles/blink.dir/home/pi/.pico-sdk/sdk/2.1.0/src/rp2_common/hardware_pll/pll.c.o
 .comment       0x00000045       0x46 CMakeFiles/blink.dir/home/pi/.pico-sdk/sdk/2.1.0/src/rp2_common/hardware_ticks/ticks.c.o
 .comment       0x00000045       0x46 CMakeFiles/blink.dir/home/pi/.pico-sdk/sdk/2.1.0/src/rp2_common/pico_bootrom/bootrom.c.o
 .comment       0x00000045       0x46 CMakeFiles/blink.dir/home/pi/.pico-sdk/sdk/2.1.0/src/rp2_common/pico_bootrom/bootrom_lock.c.o
 .comment       0x00000045       0x46 CMakeFiles/blink.dir/home/pi/.pico-sdk/sdk/2.1.0/src/rp2_common/hardware_boot_lock/boot_lock.c.o
 .comment       0x00000045       0x46 CMakeFiles/blink.dir/home/pi/.pico-sdk/sdk/2.1.0/src/rp2_common/hardware_xosc/xosc.c.o
 .comment       0x00000045       0x46 CMakeFiles/blink.dir/home/pi/.pico-sdk/sdk/2.1.0/src/rp2_common/pico_runtime/runtime.c.o
 .comment       0x00000045       0x46 CMakeFiles/blink.dir/home/pi/.pico-sdk/sdk/2.1.0/src/rp2_common/pico_runtime_init/runtime_init.c.o
 .comment       0x00000045       0x46 CMakeFiles/blink.dir/home/pi/.pico-sdk/sdk/2.1.0/src/rp2_common/pico_runtime_init/runtime_init_clocks.c.o
 .comment       0x00000045       0x46 CMakeFiles/blink.dir/home/pi/.pico-sdk/sdk/2.1.0/src/rp2_common/pico_standard_binary_info/standard_binary_info.c.o
 .comment       0x00000045       0x46 CMakeFiles/blink.dir/home/pi/.pico-sdk/sdk/2.1.0/src/rp2_common/pico_printf/printf.c.o
 .comment       0x00000045       0x46 CMakeFiles/blink.dir/home/pi/.pico-sdk/sdk/2.1.0/src/rp2_common/pico_clib_interface/newlib_interface.c.o
 .comment       0x00000045       0x46 CMakeFiles/blink.dir/home/pi/.pico-sdk/sdk/2.1.0/src/rp2_common/pico_stdio/stdio.c.o
 .comment       0x00000045       0x46 CMakeFiles/blink.dir/home/pi/.pico-sdk/sdk/2.1.0/src/rp2_common/pico_stdio_uart/stdio_uart.c.o
 .comment       0x00000045       0x46 CMakeFiles/blink.dir/home/pi/.pico-sdk/sdk/2.1.0/src/rp2_common/hardware_i2c/i2c.c.o

.debug_info     0x00000000    0x22389
 .debug_info    0x00000000      0xe3a CMakeFiles/blink.dir/blink.c.o
 .debug_info    0x00000e3a     0x2416 CMakeFiles/blink.dir/home/pi/.pico-sdk/sdk/2.1.0/src/rp2_common/hardware_gpio/gpio.c.o
 .debug_info    0x00003250      0x1be CMakeFiles/blink.dir/home/pi/.pico-sdk/sdk/2.1.0/src/rp2_common/pico_platform_panic/panic.c.o
 .debug_info    0x0000340e      0xb74 CMakeFiles/blink.dir/home/pi/.pico-sdk/sdk/2.1.0/src/common/hardware_claim/claim.c.o
 .debug_info    0x00003f82      0x465 CMakeFiles/blink.dir/home/pi/.pico-sdk/sdk/2.1.0/src/rp2_common/hardware_sync/sync.c.o
 .debug_info    0x000043e7     0x145e CMakeFiles/blink.dir/home/pi/.pico-sdk/sdk/2.1.0/src/rp2_common/hardware_sync_spin_lock/sync_spin_lock.c.o
 .debug_info    0x00005845     0x25a7 CMakeFiles/blink.dir/home/pi/.pico-sdk/sdk/2.1.0/src/rp2_common/hardware_irq/irq.c.o
 .debug_info    0x00007dec      0x187 CMakeFiles/blink.dir/home/pi/.pico-sdk/sdk/2.1.0/src/common/pico_sync/lock_core.c.o
 .debug_info    0x00007f73     0x1e65 CMakeFiles/blink.dir/home/pi/.pico-sdk/sdk/2.1.0/src/common/pico_sync/mutex.c.o
 .debug_info    0x00009dd8     0x4ce4 CMakeFiles/blink.dir/home/pi/.pico-sdk/sdk/2.1.0/src/common/pico_time/time.c.o
 .debug_info    0x0000eabc      0x6ac CMakeFiles/blink.dir/home/pi/.pico-sdk/sdk/2.1.0/src/common/pico_time/timeout_helper.c.o
 .debug_info    0x0000f168     0x30bc CMakeFiles/blink.dir/home/pi/.pico-sdk/sdk/2.1.0/src/rp2_common/hardware_timer/timer.c.o
 .debug_info    0x00012224     0x19a6 CMakeFiles/blink.dir/home/pi/.pico-sdk/sdk/2.1.0/src/rp2_common/hardware_uart/uart.c.o
 .debug_info    0x00013bca     0x286a CMakeFiles/blink.dir/home/pi/.pico-sdk/sdk/2.1.0/src/rp2_common/hardware_clocks/clocks.c.o
 .debug_info    0x00016434      0x507 CMakeFiles/blink.dir/home/pi/.pico-sdk/sdk/2.1.0/src/rp2_common/hardware_pll/pll.c.o
 .debug_info    0x0001693b      0x26c CMakeFiles/blink.dir/home/pi/.pico-sdk/sdk/2.1.0/src/rp2_common/hardware_ticks/ticks.c.o
 .debug_info    0x00016ba7      0x8b6 CMakeFiles/blink.dir/home/pi/.pico-sdk/sdk/2.1.0/src/rp2_common/pico_bootrom/bootrom.c.o
 .debug_info    0x0001745d      0x1c4 CMakeFiles/blink.dir/home/pi/.pico-sdk/sdk/2.1.0/src/rp2_common/pico_bootrom/bootrom_lock.c.o
 .debug_info    0x00017621      0x316 CMakeFiles/blink.dir/home/pi/.pico-sdk/sdk/2.1.0/src/rp2_common/hardware_boot_lock/boot_lock.c.o
 .debug_info    0x00017937      0x1b1 CMakeFiles/blink.dir/home/pi/.pico-sdk/sdk/2.1.0/src/rp2_common/hardware_xosc/xosc.c.o
 .debug_info    0x00017ae8      0x21a CMakeFiles/blink.dir/home/pi/.pico-sdk/sdk/2.1.0/src/rp2_common/pico_runtime/runtime.c.o
 .debug_info    0x00017d02     0x1bcd CMakeFiles/blink.dir/home/pi/.pico-sdk/sdk/2.1.0/src/rp2_common/pico_runtime_init/runtime_init.c.o
 .debug_info    0x000198cf      0x7c8 CMakeFiles/blink.dir/home/pi/.pico-sdk/sdk/2.1.0/src/rp2_common/pico_runtime_init/runtime_init_clocks.c.o
 .debug_info    0x0001a097       0x23 CMakeFiles/blink.dir/home/pi/.pico-sdk/sdk/2.1.0/src/rp2_common/pico_double/double_aeabi_dcp.S.o
 .debug_info    0x0001a0ba      0x2b8 CMakeFiles/blink.dir/home/pi/.pico-sdk/sdk/2.1.0/src/rp2_common/pico_standard_binary_info/standard_binary_info.c.o
 .debug_info    0x0001a372     0x208d CMakeFiles/blink.dir/home/pi/.pico-sdk/sdk/2.1.0/src/rp2_common/pico_printf/printf.c.o
 .debug_info    0x0001c3ff       0x23 CMakeFiles/blink.dir/home/pi/.pico-sdk/sdk/2.1.0/src/rp2_common/pico_crt0/crt0.S.o
 .debug_info    0x0001c422      0xbdf CMakeFiles/blink.dir/home/pi/.pico-sdk/sdk/2.1.0/src/rp2_common/pico_clib_interface/newlib_interface.c.o
 .debug_info    0x0001d001     0x1d83 CMakeFiles/blink.dir/home/pi/.pico-sdk/sdk/2.1.0/src/rp2_common/pico_stdio/stdio.c.o
 .debug_info    0x0001ed84     0x1902 CMakeFiles/blink.dir/home/pi/.pico-sdk/sdk/2.1.0/src/rp2_common/pico_stdio_uart/stdio_uart.c.o
 .debug_info    0x00020686     0x1d03 CMakeFiles/blink.dir/home/pi/.pico-sdk/sdk/2.1.0/src/rp2_common/hardware_i2c/i2c.c.o

.debug_abbrev   0x00000000     0x5eb2
 .debug_abbrev  0x00000000      0x3fe CMakeFiles/blink.dir/blink.c.o
 .debug_abbrev  0x000003fe      0x54a CMakeFiles/blink.dir/home/pi/.pico-sdk/sdk/2.1.0/src/rp2_common/hardware_gpio/gpio.c.o
 .debug_abbrev  0x00000948      0x12b CMakeFiles/blink.dir/home/pi/.pico-sdk/sdk/2.1.0/src/rp2_common/pico_platform_panic/panic.c.o
 .debug_abbrev  0x00000a73      0x371 CMakeFiles/blink.dir/home/pi/.pico-sdk/sdk/2.1.0/src/common/hardware_claim/claim.c.o
 .debug_abbrev  0x00000de4      0x22d CMakeFiles/blink.dir/home/pi/.pico-sdk/sdk/2.1.0/src/rp2_common/hardware_sync/sync.c.o
 .debug_abbrev  0x00001011      0x26e CMakeFiles/blink.dir/home/pi/.pico-sdk/sdk/2.1.0/src/rp2_common/hardware_sync_spin_lock/sync_spin_lock.c.o
 .debug_abbrev  0x0000127f      0x630 CMakeFiles/blink.dir/home/pi/.pico-sdk/sdk/2.1.0/src/rp2_common/hardware_irq/irq.c.o
 .debug_abbrev  0x000018af      0x11e CMakeFiles/blink.dir/home/pi/.pico-sdk/sdk/2.1.0/src/common/pico_sync/lock_core.c.o
 .debug_abbrev  0x000019cd      0x49e CMakeFiles/blink.dir/home/pi/.pico-sdk/sdk/2.1.0/src/common/pico_sync/mutex.c.o
 .debug_abbrev  0x00001e6b      0x65c CMakeFiles/blink.dir/home/pi/.pico-sdk/sdk/2.1.0/src/common/pico_time/time.c.o
 .debug_abbrev  0x000024c7      0x2a6 CMakeFiles/blink.dir/home/pi/.pico-sdk/sdk/2.1.0/src/common/pico_time/timeout_helper.c.o
 .debug_abbrev  0x0000276d      0x4f9 CMakeFiles/blink.dir/home/pi/.pico-sdk/sdk/2.1.0/src/rp2_common/hardware_timer/timer.c.o
 .debug_abbrev  0x00002c66      0x367 CMakeFiles/blink.dir/home/pi/.pico-sdk/sdk/2.1.0/src/rp2_common/hardware_uart/uart.c.o
 .debug_abbrev  0x00002fcd      0x4d5 CMakeFiles/blink.dir/home/pi/.pico-sdk/sdk/2.1.0/src/rp2_common/hardware_clocks/clocks.c.o
 .debug_abbrev  0x000034a2      0x1a8 CMakeFiles/blink.dir/home/pi/.pico-sdk/sdk/2.1.0/src/rp2_common/hardware_pll/pll.c.o
 .debug_abbrev  0x0000364a      0x146 CMakeFiles/blink.dir/home/pi/.pico-sdk/sdk/2.1.0/src/rp2_common/hardware_ticks/ticks.c.o
 .debug_abbrev  0x00003790      0x385 CMakeFiles/blink.dir/home/pi/.pico-sdk/sdk/2.1.0/src/rp2_common/pico_bootrom/bootrom.c.o
 .debug_abbrev  0x00003b15       0xfb CMakeFiles/blink.dir/home/pi/.pico-sdk/sdk/2.1.0/src/rp2_common/pico_bootrom/bootrom_lock.c.o
 .debug_abbrev  0x00003c10      0x1de CMakeFiles/blink.dir/home/pi/.pico-sdk/sdk/2.1.0/src/rp2_common/hardware_boot_lock/boot_lock.c.o
 .debug_abbrev  0x00003dee      0x109 CMakeFiles/blink.dir/home/pi/.pico-sdk/sdk/2.1.0/src/rp2_common/hardware_xosc/xosc.c.o
 .debug_abbrev  0x00003ef7      0x182 CMakeFiles/blink.dir/home/pi/.pico-sdk/sdk/2.1.0/src/rp2_common/pico_runtime/runtime.c.o
 .debug_abbrev  0x00004079      0x2dd CMakeFiles/blink.dir/home/pi/.pico-sdk/sdk/2.1.0/src/rp2_common/pico_runtime_init/runtime_init.c.o
 .debug_abbrev  0x00004356      0x29d CMakeFiles/blink.dir/home/pi/.pico-sdk/sdk/2.1.0/src/rp2_common/pico_runtime_init/runtime_init_clocks.c.o
 .debug_abbrev  0x000045f3       0x12 CMakeFiles/blink.dir/home/pi/.pico-sdk/sdk/2.1.0/src/rp2_common/pico_double/double_aeabi_dcp.S.o
 .debug_abbrev  0x00004605       0xb8 CMakeFiles/blink.dir/home/pi/.pico-sdk/sdk/2.1.0/src/rp2_common/pico_standard_binary_info/standard_binary_info.c.o
 .debug_abbrev  0x000046bd      0x540 CMakeFiles/blink.dir/home/pi/.pico-sdk/sdk/2.1.0/src/rp2_common/pico_printf/printf.c.o
 .debug_abbrev  0x00004bfd       0x12 CMakeFiles/blink.dir/home/pi/.pico-sdk/sdk/2.1.0/src/rp2_common/pico_crt0/crt0.S.o
 .debug_abbrev  0x00004c0f      0x375 CMakeFiles/blink.dir/home/pi/.pico-sdk/sdk/2.1.0/src/rp2_common/pico_clib_interface/newlib_interface.c.o
 .debug_abbrev  0x00004f84      0x602 CMakeFiles/blink.dir/home/pi/.pico-sdk/sdk/2.1.0/src/rp2_common/pico_stdio/stdio.c.o
 .debug_abbrev  0x00005586      0x493 CMakeFiles/blink.dir/home/pi/.pico-sdk/sdk/2.1.0/src/rp2_common/pico_stdio_uart/stdio_uart.c.o
 .debug_abbrev  0x00005a19      0x499 CMakeFiles/blink.dir/home/pi/.pico-sdk/sdk/2.1.0/src/rp2_common/hardware_i2c/i2c.c.o

.debug_loclists
                0x00000000    0x10aa6
 .debug_loclists
                0x00000000      0x28f CMakeFiles/blink.dir/blink.c.o
 .debug_loclists
                0x0000028f     0x194b CMakeFiles/blink.dir/home/pi/.pico-sdk/sdk/2.1.0/src/rp2_common/hardware_gpio/gpio.c.o
 .debug_loclists
                0x00001bda      0x451 CMakeFiles/blink.dir/home/pi/.pico-sdk/sdk/2.1.0/src/common/hardware_claim/claim.c.o
 .debug_loclists
                0x0000202b      0x107 CMakeFiles/blink.dir/home/pi/.pico-sdk/sdk/2.1.0/src/rp2_common/hardware_sync/sync.c.o
 .debug_loclists
                0x00002132       0xa2 CMakeFiles/blink.dir/home/pi/.pico-sdk/sdk/2.1.0/src/rp2_common/hardware_sync_spin_lock/sync_spin_lock.c.o
 .debug_loclists
                0x000021d4     0x10b2 CMakeFiles/blink.dir/home/pi/.pico-sdk/sdk/2.1.0/src/rp2_common/hardware_irq/irq.c.o
 .debug_loclists
                0x00003286       0x17 CMakeFiles/blink.dir/home/pi/.pico-sdk/sdk/2.1.0/src/common/pico_sync/lock_core.c.o
 .debug_loclists
                0x0000329d      0xae5 CMakeFiles/blink.dir/home/pi/.pico-sdk/sdk/2.1.0/src/common/pico_sync/mutex.c.o
 .debug_loclists
                0x00003d82     0x2aba CMakeFiles/blink.dir/home/pi/.pico-sdk/sdk/2.1.0/src/common/pico_time/time.c.o
 .debug_loclists
                0x0000683c      0x3b8 CMakeFiles/blink.dir/home/pi/.pico-sdk/sdk/2.1.0/src/common/pico_time/timeout_helper.c.o
 .debug_loclists
                0x00006bf4     0x1a37 CMakeFiles/blink.dir/home/pi/.pico-sdk/sdk/2.1.0/src/rp2_common/hardware_timer/timer.c.o
 .debug_loclists
                0x0000862b      0xc8f CMakeFiles/blink.dir/home/pi/.pico-sdk/sdk/2.1.0/src/rp2_common/hardware_uart/uart.c.o
 .debug_loclists
                0x000092ba     0x1fab CMakeFiles/blink.dir/home/pi/.pico-sdk/sdk/2.1.0/src/rp2_common/hardware_clocks/clocks.c.o
 .debug_loclists
                0x0000b265      0x1b7 CMakeFiles/blink.dir/home/pi/.pico-sdk/sdk/2.1.0/src/rp2_common/hardware_pll/pll.c.o
 .debug_loclists
                0x0000b41c       0x8b CMakeFiles/blink.dir/home/pi/.pico-sdk/sdk/2.1.0/src/rp2_common/hardware_ticks/ticks.c.o
 .debug_loclists
                0x0000b4a7      0x470 CMakeFiles/blink.dir/home/pi/.pico-sdk/sdk/2.1.0/src/rp2_common/pico_bootrom/bootrom.c.o
 .debug_loclists
                0x0000b917       0x28 CMakeFiles/blink.dir/home/pi/.pico-sdk/sdk/2.1.0/src/rp2_common/pico_bootrom/bootrom_lock.c.o
 .debug_loclists
                0x0000b93f       0x78 CMakeFiles/blink.dir/home/pi/.pico-sdk/sdk/2.1.0/src/rp2_common/hardware_boot_lock/boot_lock.c.o
 .debug_loclists
                0x0000b9b7       0x48 CMakeFiles/blink.dir/home/pi/.pico-sdk/sdk/2.1.0/src/rp2_common/hardware_xosc/xosc.c.o
 .debug_loclists
                0x0000b9ff       0x7e CMakeFiles/blink.dir/home/pi/.pico-sdk/sdk/2.1.0/src/rp2_common/pico_runtime/runtime.c.o
 .debug_loclists
                0x0000ba7d      0x10a CMakeFiles/blink.dir/home/pi/.pico-sdk/sdk/2.1.0/src/rp2_common/pico_runtime_init/runtime_init.c.o
 .debug_loclists
                0x0000bb87       0x74 CMakeFiles/blink.dir/home/pi/.pico-sdk/sdk/2.1.0/src/rp2_common/pico_runtime_init/runtime_init_clocks.c.o
 .debug_loclists
                0x0000bbfb     0x290d CMakeFiles/blink.dir/home/pi/.pico-sdk/sdk/2.1.0/src/rp2_common/pico_printf/printf.c.o
 .debug_loclists
                0x0000e508      0x408 CMakeFiles/blink.dir/home/pi/.pico-sdk/sdk/2.1.0/src/rp2_common/pico_clib_interface/newlib_interface.c.o
 .debug_loclists
                0x0000e910      0xb12 CMakeFiles/blink.dir/home/pi/.pico-sdk/sdk/2.1.0/src/rp2_common/pico_stdio/stdio.c.o
 .debug_loclists
                0x0000f422      0x882 CMakeFiles/blink.dir/home/pi/.pico-sdk/sdk/2.1.0/src/rp2_common/pico_stdio_uart/stdio_uart.c.o
 .debug_loclists
                0x0000fca4      0xe02 CMakeFiles/blink.dir/home/pi/.pico-sdk/sdk/2.1.0/src/rp2_common/hardware_i2c/i2c.c.o

.debug_aranges  0x00000000      0xca8
 .debug_aranges
                0x00000000       0x40 CMakeFiles/blink.dir/blink.c.o
 .debug_aranges
                0x00000040      0x120 CMakeFiles/blink.dir/home/pi/.pico-sdk/sdk/2.1.0/src/rp2_common/hardware_gpio/gpio.c.o
 .debug_aranges
                0x00000160       0x28 CMakeFiles/blink.dir/home/pi/.pico-sdk/sdk/2.1.0/src/rp2_common/pico_platform_panic/panic.c.o
 .debug_aranges
                0x00000188       0x48 CMakeFiles/blink.dir/home/pi/.pico-sdk/sdk/2.1.0/src/common/hardware_claim/claim.c.o
 .debug_aranges
                0x000001d0       0x48 CMakeFiles/blink.dir/home/pi/.pico-sdk/sdk/2.1.0/src/rp2_common/hardware_sync/sync.c.o
 .debug_aranges
                0x00000218       0x30 CMakeFiles/blink.dir/home/pi/.pico-sdk/sdk/2.1.0/src/rp2_common/hardware_sync_spin_lock/sync_spin_lock.c.o
 .debug_aranges
                0x00000248       0xb0 CMakeFiles/blink.dir/home/pi/.pico-sdk/sdk/2.1.0/src/rp2_common/hardware_irq/irq.c.o
 .debug_aranges
                0x000002f8       0x20 CMakeFiles/blink.dir/home/pi/.pico-sdk/sdk/2.1.0/src/common/pico_sync/lock_core.c.o
 .debug_aranges
                0x00000318       0x98 CMakeFiles/blink.dir/home/pi/.pico-sdk/sdk/2.1.0/src/common/pico_sync/mutex.c.o
 .debug_aranges
                0x000003b0       0xe0 CMakeFiles/blink.dir/home/pi/.pico-sdk/sdk/2.1.0/src/common/pico_time/time.c.o
 .debug_aranges
                0x00000490       0x38 CMakeFiles/blink.dir/home/pi/.pico-sdk/sdk/2.1.0/src/common/pico_time/timeout_helper.c.o
 .debug_aranges
                0x000004c8       0xf0 CMakeFiles/blink.dir/home/pi/.pico-sdk/sdk/2.1.0/src/rp2_common/hardware_timer/timer.c.o
 .debug_aranges
                0x000005b8       0x58 CMakeFiles/blink.dir/home/pi/.pico-sdk/sdk/2.1.0/src/rp2_common/hardware_uart/uart.c.o
 .debug_aranges
                0x00000610       0x90 CMakeFiles/blink.dir/home/pi/.pico-sdk/sdk/2.1.0/src/rp2_common/hardware_clocks/clocks.c.o
 .debug_aranges
                0x000006a0       0x28 CMakeFiles/blink.dir/home/pi/.pico-sdk/sdk/2.1.0/src/rp2_common/hardware_pll/pll.c.o
 .debug_aranges
                0x000006c8       0x30 CMakeFiles/blink.dir/home/pi/.pico-sdk/sdk/2.1.0/src/rp2_common/hardware_ticks/ticks.c.o
 .debug_aranges
                0x000006f8       0x58 CMakeFiles/blink.dir/home/pi/.pico-sdk/sdk/2.1.0/src/rp2_common/pico_bootrom/bootrom.c.o
 .debug_aranges
                0x00000750       0x20 CMakeFiles/blink.dir/home/pi/.pico-sdk/sdk/2.1.0/src/rp2_common/pico_bootrom/bootrom_lock.c.o
 .debug_aranges
                0x00000770       0x30 CMakeFiles/blink.dir/home/pi/.pico-sdk/sdk/2.1.0/src/rp2_common/hardware_boot_lock/boot_lock.c.o
 .debug_aranges
                0x000007a0       0x30 CMakeFiles/blink.dir/home/pi/.pico-sdk/sdk/2.1.0/src/rp2_common/hardware_xosc/xosc.c.o
 .debug_aranges
                0x000007d0       0x38 CMakeFiles/blink.dir/home/pi/.pico-sdk/sdk/2.1.0/src/rp2_common/pico_runtime/runtime.c.o
 .debug_aranges
                0x00000808       0x58 CMakeFiles/blink.dir/home/pi/.pico-sdk/sdk/2.1.0/src/rp2_common/pico_runtime_init/runtime_init.c.o
 .debug_aranges
                0x00000860       0x20 CMakeFiles/blink.dir/home/pi/.pico-sdk/sdk/2.1.0/src/rp2_common/pico_runtime_init/runtime_init_clocks.c.o
 .debug_aranges
                0x00000880       0xd8 CMakeFiles/blink.dir/home/pi/.pico-sdk/sdk/2.1.0/src/rp2_common/pico_double/double_aeabi_dcp.S.o
 .debug_aranges
                0x00000958       0x18 CMakeFiles/blink.dir/home/pi/.pico-sdk/sdk/2.1.0/src/rp2_common/pico_standard_binary_info/standard_binary_info.c.o
 .debug_aranges
                0x00000970       0x90 CMakeFiles/blink.dir/home/pi/.pico-sdk/sdk/2.1.0/src/rp2_common/pico_printf/printf.c.o
 .debug_aranges
                0x00000a00       0x28 CMakeFiles/blink.dir/home/pi/.pico-sdk/sdk/2.1.0/src/rp2_common/pico_crt0/crt0.S.o
 .debug_aranges
                0x00000a28       0xa0 CMakeFiles/blink.dir/home/pi/.pico-sdk/sdk/2.1.0/src/rp2_common/pico_clib_interface/newlib_interface.c.o
 .debug_aranges
                0x00000ac8       0xc8 CMakeFiles/blink.dir/home/pi/.pico-sdk/sdk/2.1.0/src/rp2_common/pico_stdio/stdio.c.o
 .debug_aranges
                0x00000b90       0x80 CMakeFiles/blink.dir/home/pi/.pico-sdk/sdk/2.1.0/src/rp2_common/pico_stdio_uart/stdio_uart.c.o
 .debug_aranges
                0x00000c10       0x98 CMakeFiles/blink.dir/home/pi/.pico-sdk/sdk/2.1.0/src/rp2_common/hardware_i2c/i2c.c.o

.debug_rnglists
                0x00000000     0x317e
 .debug_rnglists
                0x00000000       0xc3 CMakeFiles/blink.dir/blink.c.o
 .debug_rnglists
                0x000000c3      0x641 CMakeFiles/blink.dir/home/pi/.pico-sdk/sdk/2.1.0/src/rp2_common/hardware_gpio/gpio.c.o
 .debug_rnglists
                0x00000704       0x19 CMakeFiles/blink.dir/home/pi/.pico-sdk/sdk/2.1.0/src/rp2_common/pico_platform_panic/panic.c.o
 .debug_rnglists
                0x0000071d      0x104 CMakeFiles/blink.dir/home/pi/.pico-sdk/sdk/2.1.0/src/common/hardware_claim/claim.c.o
 .debug_rnglists
                0x00000821       0x67 CMakeFiles/blink.dir/home/pi/.pico-sdk/sdk/2.1.0/src/rp2_common/hardware_sync/sync.c.o
 .debug_rnglists
                0x00000888       0x43 CMakeFiles/blink.dir/home/pi/.pico-sdk/sdk/2.1.0/src/rp2_common/hardware_sync_spin_lock/sync_spin_lock.c.o
 .debug_rnglists
                0x000008cb      0x3d8 CMakeFiles/blink.dir/home/pi/.pico-sdk/sdk/2.1.0/src/rp2_common/hardware_irq/irq.c.o
 .debug_rnglists
                0x00000ca3       0x13 CMakeFiles/blink.dir/home/pi/.pico-sdk/sdk/2.1.0/src/common/pico_sync/lock_core.c.o
 .debug_rnglists
                0x00000cb6      0x2c1 CMakeFiles/blink.dir/home/pi/.pico-sdk/sdk/2.1.0/src/common/pico_sync/mutex.c.o
 .debug_rnglists
                0x00000f77      0x7d0 CMakeFiles/blink.dir/home/pi/.pico-sdk/sdk/2.1.0/src/common/pico_time/time.c.o
 .debug_rnglists
                0x00001747       0x67 CMakeFiles/blink.dir/home/pi/.pico-sdk/sdk/2.1.0/src/common/pico_time/timeout_helper.c.o
 .debug_rnglists
                0x000017ae      0x499 CMakeFiles/blink.dir/home/pi/.pico-sdk/sdk/2.1.0/src/rp2_common/hardware_timer/timer.c.o
 .debug_rnglists
                0x00001c47      0x241 CMakeFiles/blink.dir/home/pi/.pico-sdk/sdk/2.1.0/src/rp2_common/hardware_uart/uart.c.o
 .debug_rnglists
                0x00001e88      0x5c4 CMakeFiles/blink.dir/home/pi/.pico-sdk/sdk/2.1.0/src/rp2_common/hardware_clocks/clocks.c.o
 .debug_rnglists
                0x0000244c       0x59 CMakeFiles/blink.dir/home/pi/.pico-sdk/sdk/2.1.0/src/rp2_common/hardware_pll/pll.c.o
 .debug_rnglists
                0x000024a5       0x2b CMakeFiles/blink.dir/home/pi/.pico-sdk/sdk/2.1.0/src/rp2_common/hardware_ticks/ticks.c.o
 .debug_rnglists
                0x000024d0       0x9d CMakeFiles/blink.dir/home/pi/.pico-sdk/sdk/2.1.0/src/rp2_common/pico_bootrom/bootrom.c.o
 .debug_rnglists
                0x0000256d       0x13 CMakeFiles/blink.dir/home/pi/.pico-sdk/sdk/2.1.0/src/rp2_common/pico_bootrom/bootrom_lock.c.o
 .debug_rnglists
                0x00002580       0x4f CMakeFiles/blink.dir/home/pi/.pico-sdk/sdk/2.1.0/src/rp2_common/hardware_boot_lock/boot_lock.c.o
 .debug_rnglists
                0x000025cf       0x2b CMakeFiles/blink.dir/home/pi/.pico-sdk/sdk/2.1.0/src/rp2_common/hardware_xosc/xosc.c.o
 .debug_rnglists
                0x000025fa       0x3d CMakeFiles/blink.dir/home/pi/.pico-sdk/sdk/2.1.0/src/rp2_common/pico_runtime/runtime.c.o
 .debug_rnglists
                0x00002637       0x70 CMakeFiles/blink.dir/home/pi/.pico-sdk/sdk/2.1.0/src/rp2_common/pico_runtime_init/runtime_init.c.o
 .debug_rnglists
                0x000026a7       0x2c CMakeFiles/blink.dir/home/pi/.pico-sdk/sdk/2.1.0/src/rp2_common/pico_runtime_init/runtime_init_clocks.c.o
 .debug_rnglists
                0x000026d3       0x9f CMakeFiles/blink.dir/home/pi/.pico-sdk/sdk/2.1.0/src/rp2_common/pico_double/double_aeabi_dcp.S.o
 .debug_rnglists
                0x00002772      0x2bf CMakeFiles/blink.dir/home/pi/.pico-sdk/sdk/2.1.0/src/rp2_common/pico_printf/printf.c.o
 .debug_rnglists
                0x00002a31       0x1b CMakeFiles/blink.dir/home/pi/.pico-sdk/sdk/2.1.0/src/rp2_common/pico_crt0/crt0.S.o
 .debug_rnglists
                0x00002a4c       0xaf CMakeFiles/blink.dir/home/pi/.pico-sdk/sdk/2.1.0/src/rp2_common/pico_clib_interface/newlib_interface.c.o
 .debug_rnglists
                0x00002afb      0x2f8 CMakeFiles/blink.dir/home/pi/.pico-sdk/sdk/2.1.0/src/rp2_common/pico_stdio/stdio.c.o
 .debug_rnglists
                0x00002df3      0x1f2 CMakeFiles/blink.dir/home/pi/.pico-sdk/sdk/2.1.0/src/rp2_common/pico_stdio_uart/stdio_uart.c.o
 .debug_rnglists
                0x00002fe5      0x199 CMakeFiles/blink.dir/home/pi/.pico-sdk/sdk/2.1.0/src/rp2_common/hardware_i2c/i2c.c.o

.debug_line     0x00000000    0x15fb4
 .debug_line    0x00000000      0x81c CMakeFiles/blink.dir/blink.c.o
 .debug_line    0x0000081c     0x1b8a CMakeFiles/blink.dir/home/pi/.pico-sdk/sdk/2.1.0/src/rp2_common/hardware_gpio/gpio.c.o
 .debug_line    0x000023a6      0x261 CMakeFiles/blink.dir/home/pi/.pico-sdk/sdk/2.1.0/src/rp2_common/pico_platform_panic/panic.c.o
 .debug_line    0x00002607      0x826 CMakeFiles/blink.dir/home/pi/.pico-sdk/sdk/2.1.0/src/common/hardware_claim/claim.c.o
 .debug_line    0x00002e2d      0x3ed CMakeFiles/blink.dir/home/pi/.pico-sdk/sdk/2.1.0/src/rp2_common/hardware_sync/sync.c.o
 .debug_line    0x0000321a      0x37a CMakeFiles/blink.dir/home/pi/.pico-sdk/sdk/2.1.0/src/rp2_common/hardware_sync_spin_lock/sync_spin_lock.c.o
 .debug_line    0x00003594     0x16d3 CMakeFiles/blink.dir/home/pi/.pico-sdk/sdk/2.1.0/src/rp2_common/hardware_irq/irq.c.o
 .debug_line    0x00004c67      0x24c CMakeFiles/blink.dir/home/pi/.pico-sdk/sdk/2.1.0/src/common/pico_sync/lock_core.c.o
 .debug_line    0x00004eb3     0x1252 CMakeFiles/blink.dir/home/pi/.pico-sdk/sdk/2.1.0/src/common/pico_sync/mutex.c.o
 .debug_line    0x00006105     0x2e2b CMakeFiles/blink.dir/home/pi/.pico-sdk/sdk/2.1.0/src/common/pico_time/time.c.o
 .debug_line    0x00008f30      0x4b9 CMakeFiles/blink.dir/home/pi/.pico-sdk/sdk/2.1.0/src/common/pico_time/timeout_helper.c.o
 .debug_line    0x000093e9     0x1d7d CMakeFiles/blink.dir/home/pi/.pico-sdk/sdk/2.1.0/src/rp2_common/hardware_timer/timer.c.o
 .debug_line    0x0000b166      0xe59 CMakeFiles/blink.dir/home/pi/.pico-sdk/sdk/2.1.0/src/rp2_common/hardware_uart/uart.c.o
 .debug_line    0x0000bfbf     0x1d45 CMakeFiles/blink.dir/home/pi/.pico-sdk/sdk/2.1.0/src/rp2_common/hardware_clocks/clocks.c.o
 .debug_line    0x0000dd04      0x4a3 CMakeFiles/blink.dir/home/pi/.pico-sdk/sdk/2.1.0/src/rp2_common/hardware_pll/pll.c.o
 .debug_line    0x0000e1a7      0x310 CMakeFiles/blink.dir/home/pi/.pico-sdk/sdk/2.1.0/src/rp2_common/hardware_ticks/ticks.c.o
 .debug_line    0x0000e4b7      0x651 CMakeFiles/blink.dir/home/pi/.pico-sdk/sdk/2.1.0/src/rp2_common/pico_bootrom/bootrom.c.o
 .debug_line    0x0000eb08      0x375 CMakeFiles/blink.dir/home/pi/.pico-sdk/sdk/2.1.0/src/rp2_common/pico_bootrom/bootrom_lock.c.o
 .debug_line    0x0000ee7d      0x3fb CMakeFiles/blink.dir/home/pi/.pico-sdk/sdk/2.1.0/src/rp2_common/hardware_boot_lock/boot_lock.c.o
 .debug_line    0x0000f278      0x332 CMakeFiles/blink.dir/home/pi/.pico-sdk/sdk/2.1.0/src/rp2_common/hardware_xosc/xosc.c.o
 .debug_line    0x0000f5aa      0x2f5 CMakeFiles/blink.dir/home/pi/.pico-sdk/sdk/2.1.0/src/rp2_common/pico_runtime/runtime.c.o
 .debug_line    0x0000f89f      0x5a0 CMakeFiles/blink.dir/home/pi/.pico-sdk/sdk/2.1.0/src/rp2_common/pico_runtime_init/runtime_init.c.o
 .debug_line    0x0000fe3f      0x536 CMakeFiles/blink.dir/home/pi/.pico-sdk/sdk/2.1.0/src/rp2_common/pico_runtime_init/runtime_init_clocks.c.o
 .debug_line    0x00010375      0x21c CMakeFiles/blink.dir/home/pi/.pico-sdk/sdk/2.1.0/src/rp2_common/pico_double/double_aeabi_dcp.S.o
 .debug_line    0x00010591      0x1d7 CMakeFiles/blink.dir/home/pi/.pico-sdk/sdk/2.1.0/src/rp2_common/pico_standard_binary_info/standard_binary_info.c.o
 .debug_line    0x00010768     0x1a31 CMakeFiles/blink.dir/home/pi/.pico-sdk/sdk/2.1.0/src/rp2_common/pico_printf/printf.c.o
 .debug_line    0x00012199       0xa1 CMakeFiles/blink.dir/home/pi/.pico-sdk/sdk/2.1.0/src/rp2_common/pico_crt0/crt0.S.o
 .debug_line    0x0001223a      0x7e8 CMakeFiles/blink.dir/home/pi/.pico-sdk/sdk/2.1.0/src/rp2_common/pico_clib_interface/newlib_interface.c.o
 .debug_line    0x00012a22     0x14d0 CMakeFiles/blink.dir/home/pi/.pico-sdk/sdk/2.1.0/src/rp2_common/pico_stdio/stdio.c.o
 .debug_line    0x00013ef2      0xf01 CMakeFiles/blink.dir/home/pi/.pico-sdk/sdk/2.1.0/src/rp2_common/pico_stdio_uart/stdio_uart.c.o
 .debug_line    0x00014df3     0x11c1 CMakeFiles/blink.dir/home/pi/.pico-sdk/sdk/2.1.0/src/rp2_common/hardware_i2c/i2c.c.o

.debug_str      0x00000000     0x5841
 .debug_str     0x00000000     0x5841 CMakeFiles/blink.dir/blink.c.o
                                0x94a (size before relaxing)
 .debug_str     0x00005841      0xd1e CMakeFiles/blink.dir/home/pi/.pico-sdk/sdk/2.1.0/src/rp2_common/hardware_gpio/gpio.c.o
 .debug_str     0x00005841      0x202 CMakeFiles/blink.dir/home/pi/.pico-sdk/sdk/2.1.0/src/rp2_common/pico_platform_panic/panic.c.o
 .debug_str     0x00005841      0x374 CMakeFiles/blink.dir/home/pi/.pico-sdk/sdk/2.1.0/src/common/hardware_claim/claim.c.o
 .debug_str     0x00005841      0x31f CMakeFiles/blink.dir/home/pi/.pico-sdk/sdk/2.1.0/src/rp2_common/hardware_sync/sync.c.o
 .debug_str     0x00005841      0xbcc CMakeFiles/blink.dir/home/pi/.pico-sdk/sdk/2.1.0/src/rp2_common/hardware_sync_spin_lock/sync_spin_lock.c.o
 .debug_str     0x00005841      0xc29 CMakeFiles/blink.dir/home/pi/.pico-sdk/sdk/2.1.0/src/rp2_common/hardware_irq/irq.c.o
 .debug_str     0x00005841      0x211 CMakeFiles/blink.dir/home/pi/.pico-sdk/sdk/2.1.0/src/common/pico_sync/lock_core.c.o
 .debug_str     0x00005841      0x8e5 CMakeFiles/blink.dir/home/pi/.pico-sdk/sdk/2.1.0/src/common/pico_sync/mutex.c.o
 .debug_str     0x00005841     0x1308 CMakeFiles/blink.dir/home/pi/.pico-sdk/sdk/2.1.0/src/common/pico_time/time.c.o
 .debug_str     0x00005841      0x3fc CMakeFiles/blink.dir/home/pi/.pico-sdk/sdk/2.1.0/src/common/pico_time/timeout_helper.c.o
 .debug_str     0x00005841      0xb9f CMakeFiles/blink.dir/home/pi/.pico-sdk/sdk/2.1.0/src/rp2_common/hardware_timer/timer.c.o
 .debug_str     0x00005841      0xe5b CMakeFiles/blink.dir/home/pi/.pico-sdk/sdk/2.1.0/src/rp2_common/hardware_uart/uart.c.o
 .debug_str     0x00005841      0xb5a CMakeFiles/blink.dir/home/pi/.pico-sdk/sdk/2.1.0/src/rp2_common/hardware_clocks/clocks.c.o
 .debug_str     0x00005841      0x498 CMakeFiles/blink.dir/home/pi/.pico-sdk/sdk/2.1.0/src/rp2_common/hardware_pll/pll.c.o
 .debug_str     0x00005841      0x2c5 CMakeFiles/blink.dir/home/pi/.pico-sdk/sdk/2.1.0/src/rp2_common/hardware_ticks/ticks.c.o
 .debug_str     0x00005841      0x69f CMakeFiles/blink.dir/home/pi/.pico-sdk/sdk/2.1.0/src/rp2_common/pico_bootrom/bootrom.c.o
 .debug_str     0x00005841      0x2ad CMakeFiles/blink.dir/home/pi/.pico-sdk/sdk/2.1.0/src/rp2_common/pico_bootrom/bootrom_lock.c.o